     DEBUG |   80 | KB4IT           | [CONTROLLER] KB4IT version=0.7.7+build.4
     DEBUG |   81 | KB4IT           | [CONTROLLER] SYS python=3.14.5 (main, May 10 2026, 19:28:16) [Clang 22.1.3 ]
     DEBUG |   82 | KB4IT           | [CONTROLLER] SYS mako=1.3.12
     DEBUG |   83 | KB4IT           | [CONTROLLER] SYS platform=Ubuntu 24.04.4 LTS
     DEBUG |   84 | KB4IT           | [CONTROLLER] GPATH_ROOT path=/home/runner/.local/share/uv/tools/kb4it/lib/python3.14/site-packages/kb4it
     DEBUG |   85 | KB4IT           | [CONTROLLER] LPATH_ROOT path=/home/runner/.kb4it
     DEBUG |  103 | KB4IT           | [CONTROLLER] PARAM name=action value=build
     DEBUG |  103 | KB4IT           | [CONTROLLER] PARAM name=config value=config/repo.json
     DEBUG |  103 | KB4IT           | [CONTROLLER] PARAM name=force value=False
     DEBUG |  103 | KB4IT           | [CONTROLLER] PARAM name=log_level value=INFO
     DEBUG |  146 | KB4IT           | [CONTROLLER] SERVICE_REGISTER name=DB
     DEBUG |  146 | KB4IT           | [CONTROLLER] SERVICE_REGISTER name=Backend
     DEBUG |  146 | KB4IT           | [CONTROLLER] SERVICE_REGISTER name=Frontend
     DEBUG |  146 | KB4IT           | [CONTROLLER] SERVICE_REGISTER name=Builder
     DEBUG |  146 | KB4IT           | [CONTROLLER] SERVICE_REGISTER name=Workflow
     DEBUG |  165 | KB4IT           | [CONTROLLER] START version=0.7.7+build.4
     DEBUG |  166 | KB4IT           | [CONTROLLER] ACTION name=build
     DEBUG |   59 | Workflow        | [SERVICE] STARTED name=Workflow
     DEBUG |   48 | Backend         | [BACKEND] CONFIG_FILE path=/home/runner/work/techdoc/techdoc/config/repo.json
     DEBUG |   50 | Backend         | [BACKEND] CONFIG_LOADED
     DEBUG |  101 | Backend         | [BACKEND] LOG_FILE path=/home/runner/work/techdoc/techdoc/var/log/kb4it.log
     DEBUG |   59 | Database        | [SERVICE] STARTED name=Database
     DEBUG |   59 | Builder         | [SERVICE] STARTED name=Builder
     DEBUG |  146 | KB4IT           | [CONTROLLER] SERVICE_REGISTER name=Processor
     DEBUG |  203 | Backend         | [BACKEND] KBDICT_LOAD path=/home/runner/work/techdoc/techdoc/var/db/kbdict.json
     DEBUG |  217 | Backend         | [BACKEND] KBDICT_ENTRIES n=3
     DEBUG |   59 | Processor       | [SERVICE] STARTED name=Processor
     DEBUG |   59 | Backend         | [SERVICE] STARTED name=Backend
      INFO |  128 | Workflow        | [WORKFLOW] BUILD theme=techdoc repo=t00m's tech notes
      INFO |  130 | Workflow        | [WORKFLOW] STAGE n=1 name=check_environment
     DEBUG |   59 | Frontend        | [SERVICE] STARTED name=Frontend
     DEBUG |  254 | Backend         | [BACKEND] CHECKS_START
     DEBUG |  255 | Backend         | [BACKEND] DIR name=cache path=/home/runner/work/techdoc/techdoc/var/cache
     DEBUG |  256 | Backend         | [BACKEND] DIR name=tmp path=/home/runner/work/techdoc/techdoc/var/tmp
     DEBUG |  257 | Backend         | [BACKEND] DIR name=www path=/home/runner/work/techdoc/techdoc/var/www
     DEBUG |  263 | Backend         | [BACKEND] DIR name=source path=/home/runner/work/techdoc/techdoc/source
     DEBUG |  268 | Backend         | [BACKEND] DIR name=target path=/home/runner/work/techdoc/techdoc/docs
     DEBUG |  179 | Frontend        | [FRONTEND] THEME_CANDIDATE scope=source path=/home/runner/work/techdoc/techdoc/source/resources/themes/techdoc
     DEBUG |  180 | Frontend        | [FRONTEND] THEME_CANDIDATE scope=optional path=/home/runner/.kb4it/opt/resources/themes/techdoc
     DEBUG |  181 | Frontend        | [FRONTEND] THEME_CANDIDATE scope=global path=/home/runner/.local/share/uv/tools/kb4it/lib/python3.14/site-packages/kb4it/resources/themes/techdoc
     DEBUG |  179 | Frontend        | [FRONTEND] THEME_CANDIDATE scope=source path=/home/runner/work/techdoc/techdoc/source/resources/themes/techdoc
     DEBUG |  180 | Frontend        | [FRONTEND] THEME_CANDIDATE scope=optional path=/home/runner/.kb4it/opt/resources/themes/techdoc
     DEBUG |  181 | Frontend        | [FRONTEND] THEME_CANDIDATE scope=global path=/home/runner/.local/share/uv/tools/kb4it/lib/python3.14/site-packages/kb4it/resources/themes/techdoc
     DEBUG |  104 | Frontend        | [FRONTEND] THEME_CONF name=Techdoc version=0.3.0
     DEBUG |  125 | Frontend        | [FRONTEND] THEME_REGISTER path=/home/runner/.local/share/uv/tools/kb4it/lib/python3.14/site-packages/kb4it/resources/themes/techdoc/logic
     DEBUG |  146 | KB4IT           | [CONTROLLER] SERVICE_REGISTER name=Theme
     DEBUG |   59 | Theme           | [SERVICE] STARTED name=Theme
     DEBUG |  132 | Frontend        | [FRONTEND] THEME_LOADED id=techdoc
     DEBUG |  286 | Backend         | [BACKEND] CHECKS_END
     DEBUG |   90 | Util            | [PERFORMANCE] 0.0213s => Stage stage_01_check_environment
      INFO |  134 | Workflow        | [WORKFLOW] STAGE n=2 name=get_sources
     DEBUG |  291 | Backend         | [BACKEND] SOURCES_START
     DEBUG |  154 | Builder         | [BUILDER] TEMPLATE_CANDIDATE_SKIP path=/home/runner/.local/share/uv/tools/kb4it/lib/python3.14/site-packages/kb4it/resources/themes/techdoc/templates/PAGE_ABOUT_KB4IT.tpl reason=[Errno 2] No such file or directory: '/home/runner/.local/share/uv/tools/kb4it/lib/python3.14/site-packages/kb4it/resources/themes/techdoc/templates/PAGE_ABOUT_KB4IT.tpl'
     DEBUG |  151 | Builder         | [BUILDER] TEMPLATE_CANDIDATE_FOUND path=/home/runner/.local/share/uv/tools/kb4it/lib/python3.14/site-packages/kb4it/resources/common/templates/PAGE_ABOUT_KB4IT.tpl
     DEBUG |  315 | Backend         | [BACKEND] ABOUT_KB4IT_CREATED
   WARNING |  322 | Backend         | [BACKEND] ABOUT_APP_CREATED
     DEBUG |  336 | Backend         | [BACKEND] DOCS_FOUND n=4
     DEBUG |  337 | Backend         | [BACKEND] SOURCES_END
     DEBUG |   90 | Util            | [PERFORMANCE] 0.0032s => Stage stage_02_get_source_documents
      INFO |  138 | Workflow        | [WORKFLOW] STAGE n=3 name=process_sources
     DEBUG |  342 | Backend         | [BACKEND] EXTRACTION_START
     DEBUG |   85 | Processor       | [PROCESSOR] DOC_VALID doc=LINUX-SYSTEMD-JOURNALCTL.md valid=True reason=Success
     DEBUG |   69 | Database        | [DATABASE] DOC_ADD doc=LINUX-SYSTEMD-JOURNALCTL.md
     DEBUG |   80 | Database        | [DATABASE] KV_ADD doc=LINUX-SYSTEMD-JOURNALCTL.md key=Title value=How to manage Systemd journal logs
     DEBUG |   80 | Database        | [DATABASE] KV_ADD doc=LINUX-SYSTEMD-JOURNALCTL.md key=Author value=Tomás Vírseda
     DEBUG |   80 | Database        | [DATABASE] KV_ADD doc=LINUX-SYSTEMD-JOURNALCTL.md key=Category value=Procedure
     DEBUG |   80 | Database        | [DATABASE] KV_ADD doc=LINUX-SYSTEMD-JOURNALCTL.md key=Command value=journalctl
     DEBUG |   80 | Database        | [DATABASE] KV_ADD doc=LINUX-SYSTEMD-JOURNALCTL.md key=Command value=cp
     DEBUG |   80 | Database        | [DATABASE] KV_ADD doc=LINUX-SYSTEMD-JOURNALCTL.md key=Command value=du
     DEBUG |   80 | Database        | [DATABASE] KV_ADD doc=LINUX-SYSTEMD-JOURNALCTL.md key=Command value=systemctl
     DEBUG |   80 | Database        | [DATABASE] KV_ADD doc=LINUX-SYSTEMD-JOURNALCTL.md key=Date value=2024-05-14 12:00:00
     DEBUG |   80 | Database        | [DATABASE] KV_ADD doc=LINUX-SYSTEMD-JOURNALCTL.md key=DocType value=Reference
     DEBUG |   80 | Database        | [DATABASE] KV_ADD doc=LINUX-SYSTEMD-JOURNALCTL.md key=Filename value=journald.conf
     DEBUG |   80 | Database        | [DATABASE] KV_ADD doc=LINUX-SYSTEMD-JOURNALCTL.md key=Filename value=journald.conf.back
     DEBUG |   80 | Database        | [DATABASE] KV_ADD doc=LINUX-SYSTEMD-JOURNALCTL.md key=Filesystem value=/etc/systemd
     DEBUG |   80 | Database        | [DATABASE] KV_ADD doc=LINUX-SYSTEMD-JOURNALCTL.md key=Filesystem value=/var/log/journal
     DEBUG |   80 | Database        | [DATABASE] KV_ADD doc=LINUX-SYSTEMD-JOURNALCTL.md key=OS value=Linux
     DEBUG |   80 | Database        | [DATABASE] KV_ADD doc=LINUX-SYSTEMD-JOURNALCTL.md key=Priority value=Normal
     DEBUG |   80 | Database        | [DATABASE] KV_ADD doc=LINUX-SYSTEMD-JOURNALCTL.md key=Product value=Systemd
     DEBUG |   80 | Database        | [DATABASE] KV_ADD doc=LINUX-SYSTEMD-JOURNALCTL.md key=Scope value=Unix Administration
     DEBUG |   80 | Database        | [DATABASE] KV_ADD doc=LINUX-SYSTEMD-JOURNALCTL.md key=Status value=Released
     DEBUG |   80 | Database        | [DATABASE] KV_ADD doc=LINUX-SYSTEMD-JOURNALCTL.md key=Tag value=clear
     DEBUG |   80 | Database        | [DATABASE] KV_ADD doc=LINUX-SYSTEMD-JOURNALCTL.md key=Tag value=log
     DEBUG |   80 | Database        | [DATABASE] KV_ADD doc=LINUX-SYSTEMD-JOURNALCTL.md key=Tag value=message
     DEBUG |   80 | Database        | [DATABASE] KV_ADD doc=LINUX-SYSTEMD-JOURNALCTL.md key=Tag value=vacuum
     DEBUG |   80 | Database        | [DATABASE] KV_ADD doc=LINUX-SYSTEMD-JOURNALCTL.md key=Tag value=unit
     DEBUG |   80 | Database        | [DATABASE] KV_ADD doc=LINUX-SYSTEMD-JOURNALCTL.md key=Team value=Unix
     DEBUG |   80 | Database        | [DATABASE] KV_ADD doc=LINUX-SYSTEMD-JOURNALCTL.md key=Topic value=Administration
     DEBUG |   80 | Database        | [DATABASE] KV_ADD doc=LINUX-SYSTEMD-JOURNALCTL.md key=Topic value=Monitoring
     DEBUG |   80 | Database        | [DATABASE] KV_ADD doc=LINUX-SYSTEMD-JOURNALCTL.md key=Topic value=Troubleshooting
     DEBUG |   80 | Database        | [DATABASE] KV_ADD doc=LINUX-SYSTEMD-JOURNALCTL.md key=Topic value=Housekeeping
     DEBUG |   80 | Database        | [DATABASE] KV_ADD doc=LINUX-SYSTEMD-JOURNALCTL.md key=Website value=linuxhandbook.com
     DEBUG |  139 | Processor       | [PROCESSOR] HASH doc=LINUX-SYSTEMD-JOURNALCTL.md body=0fba35780249f5945e50ce6592321a092e5097d431e724c0d139a3955581bd6561b16d74275f654f4ea37556f8a5a78a3cf25e59287cb6a07e14aded2f83b97e meta=87977a6a4fd3b2a8643cfa32e5f350acb5e0e7934a24962db3c7692b55d20a87119e5c8481e5f03b16bd83530bc385f8308b61dda660662688748432294c136f
     DEBUG |  230 | Backend         | [BACKEND] ADD_TARGET doc=LINUX-SYSTEMD-JOURNALCTL.md resource=LINUX-SYSTEMD-JOURNALCTL.html
     DEBUG |   85 | Processor       | [PROCESSOR] DOC_VALID doc=HELLO-WORLD.md valid=True reason=Success
     DEBUG |   69 | Database        | [DATABASE] DOC_ADD doc=HELLO-WORLD.md
     DEBUG |   80 | Database        | [DATABASE] KV_ADD doc=HELLO-WORLD.md key=Title value=Hello world
     DEBUG |   80 | Database        | [DATABASE] KV_ADD doc=HELLO-WORLD.md key=Author value=Tomás Vírseda
     DEBUG |   80 | Database        | [DATABASE] KV_ADD doc=HELLO-WORLD.md key=Category value=Note
     DEBUG |   80 | Database        | [DATABASE] KV_ADD doc=HELLO-WORLD.md key=Date value=2026-05-20 00:00:00
     DEBUG |   80 | Database        | [DATABASE] KV_ADD doc=HELLO-WORLD.md key=DocType value=Explanation
     DEBUG |   80 | Database        | [DATABASE] KV_ADD doc=HELLO-WORLD.md key=Product value=KB4IT
     DEBUG |   80 | Database        | [DATABASE] KV_ADD doc=HELLO-WORLD.md key=Tag value=github-pages
     DEBUG |  139 | Processor       | [PROCESSOR] HASH doc=HELLO-WORLD.md body=7391b989d7b7b3be236e467f2ff85b9397f1ed11c6989a88e06c07448157086de564a6a6357fd2e8db38bebb1431b8997707189a2d2ac4c30da2aad4788bc267 meta=2fb496bacaacd27d6f00645c61a0934927e8a5cd32d1f73396719b68196b00ca42eb9df264a318d4ea5e128f90e947befed468bf1e8397200c94111d6bdc28b9
     DEBUG |  230 | Backend         | [BACKEND] ADD_TARGET doc=HELLO-WORLD.md resource=HELLO-WORLD.html
     DEBUG |   85 | Processor       | [PROCESSOR] DOC_VALID doc=about_app.md valid=True reason=Success
     DEBUG |   69 | Database        | [DATABASE] DOC_ADD doc=about_app.md
     DEBUG |   80 | Database        | [DATABASE] KV_ADD doc=about_app.md key=Title value=About this app
     DEBUG |   80 | Database        | [DATABASE] KV_ADD doc=about_app.md key=SystemPage value=True
     DEBUG |  139 | Processor       | [PROCESSOR] HASH doc=about_app.md body=c8fc649fec6d1284b8dcaa7ebcbcfc0d04207d67571a93f201d333bc3615d4efddecf09414e22b0e89a7a7dcdf584153e07b6af56acd5f6f0befab0afc5e8f32 meta=856ce8ddde31adb8cb51239511c88910b79e307bfdadc34e802ddd688c8f2d11d41b9a1635f22618384af5305fcda1ec8c6b961cf658ea12c32629654012a343
     DEBUG |  230 | Backend         | [BACKEND] ADD_TARGET doc=about_app.md resource=about_app.html
     DEBUG |   85 | Processor       | [PROCESSOR] DOC_VALID doc=about_kb4it.md valid=True reason=Success
     DEBUG |   69 | Database        | [DATABASE] DOC_ADD doc=about_kb4it.md
     DEBUG |   80 | Database        | [DATABASE] KV_ADD doc=about_kb4it.md key=Title value=About KB4IT
     DEBUG |   80 | Database        | [DATABASE] KV_ADD doc=about_kb4it.md key=SystemPage value=True
     DEBUG |  139 | Processor       | [PROCESSOR] HASH doc=about_kb4it.md body=a85a6bf39e027a552252b3958ea7c37b9cd1c952ebef0eecf7f7424dafe65c6db2bc0d04a7aca9768942e8f3b71fb9a0346b2cc0986c5099b5f6a6237aa70cd3 meta=0c6b45f7155497596425ef89c86e38abe27369dc735f408915f5d79ae0dc8ffc8fd83a83e9b8c0a3343a293e4b541a6fa179ef3c7ed57eb0303b8cfaf476869f
     DEBUG |  230 | Backend         | [BACKEND] ADD_TARGET doc=about_kb4it.md resource=about_kb4it.html
     DEBUG |  225 | Backend         | [BACKEND] KBDICT_SAVED path=/home/runner/work/techdoc/techdoc/var/db/kbdict.json
     DEBUG |  344 | Backend         | [BACKEND] EXTRACTION_END
     DEBUG |  345 | Backend         | [BACKEND] ANALYSIS_START
     DEBUG |  296 | Processor       | [PROCESSOR] ANALYZE doc=LINUX-SYSTEMD-JOURNALCTL.md body=False meta=False title=False not_cached=False compile=False
     DEBUG |  296 | Processor       | [PROCESSOR] ANALYZE doc=HELLO-WORLD.md body=False meta=True title=False not_cached=False compile=True
     DEBUG |  296 | Processor       | [PROCESSOR] ANALYZE doc=about_app.md body=False meta=False title=False not_cached=False compile=False
     DEBUG |  296 | Processor       | [PROCESSOR] ANALYZE doc=about_kb4it.md body=False meta=False title=False not_cached=False compile=False
     DEBUG |  192 | Processor       | [PROCESSOR] KEYS_ALL count=15
     DEBUG |  193 | Processor       | [PROCESSOR] KEYS_IGNORED count=2
     DEBUG |  194 | Processor       | [PROCESSOR] KEYS_AVAILABLE count=15
     DEBUG |  195 | Processor       | [PROCESSOR] FORCE_KV_PAIRS count=5
     DEBUG |  339 | Processor       | [PROCESSOR] KV key=Author value=Tomás Vírseda compile=True
     DEBUG |  342 | Processor       | [PROCESSOR] KEY key=Author compile=True
     DEBUG |  339 | Processor       | [PROCESSOR] KV key=Category value=Note compile=True
     DEBUG |  339 | Processor       | [PROCESSOR] KV key=Category value=Procedure compile=False
     DEBUG |  342 | Processor       | [PROCESSOR] KEY key=Category compile=True
     DEBUG |  339 | Processor       | [PROCESSOR] KV key=Command value=cp compile=False
     DEBUG |  339 | Processor       | [PROCESSOR] KV key=Command value=du compile=False
     DEBUG |  339 | Processor       | [PROCESSOR] KV key=Command value=journalctl compile=False
     DEBUG |  339 | Processor       | [PROCESSOR] KV key=Command value=systemctl compile=False
     DEBUG |  342 | Processor       | [PROCESSOR] KEY key=Command compile=False
     DEBUG |  339 | Processor       | [PROCESSOR] KV key=DocType value=Explanation compile=True
     DEBUG |  339 | Processor       | [PROCESSOR] KV key=DocType value=Reference compile=False
     DEBUG |  342 | Processor       | [PROCESSOR] KEY key=DocType compile=True
     DEBUG |  339 | Processor       | [PROCESSOR] KV key=Filename value=journald.conf compile=False
     DEBUG |  339 | Processor       | [PROCESSOR] KV key=Filename value=journald.conf.back compile=False
     DEBUG |  342 | Processor       | [PROCESSOR] KEY key=Filename compile=False
     DEBUG |  339 | Processor       | [PROCESSOR] KV key=Filesystem value=/etc/systemd compile=False
     DEBUG |  339 | Processor       | [PROCESSOR] KV key=Filesystem value=/var/log/journal compile=False
     DEBUG |  342 | Processor       | [PROCESSOR] KEY key=Filesystem compile=False
     DEBUG |  339 | Processor       | [PROCESSOR] KV key=OS value=Linux compile=False
     DEBUG |  342 | Processor       | [PROCESSOR] KEY key=OS compile=False
     DEBUG |  339 | Processor       | [PROCESSOR] KV key=Priority value=Normal compile=False
     DEBUG |  342 | Processor       | [PROCESSOR] KEY key=Priority compile=False
     DEBUG |  339 | Processor       | [PROCESSOR] KV key=Product value=KB4IT compile=True
     DEBUG |  339 | Processor       | [PROCESSOR] KV key=Product value=Systemd compile=False
     DEBUG |  342 | Processor       | [PROCESSOR] KEY key=Product compile=True
     DEBUG |  339 | Processor       | [PROCESSOR] KV key=Scope value=Unix Administration compile=False
     DEBUG |  342 | Processor       | [PROCESSOR] KEY key=Scope compile=False
     DEBUG |  339 | Processor       | [PROCESSOR] KV key=Status value=Released compile=False
     DEBUG |  342 | Processor       | [PROCESSOR] KEY key=Status compile=False
     DEBUG |  339 | Processor       | [PROCESSOR] KV key=Tag value=clear compile=False
     DEBUG |  339 | Processor       | [PROCESSOR] KV key=Tag value=github-pages compile=True
     DEBUG |  339 | Processor       | [PROCESSOR] KV key=Tag value=log compile=False
     DEBUG |  339 | Processor       | [PROCESSOR] KV key=Tag value=message compile=False
     DEBUG |  339 | Processor       | [PROCESSOR] KV key=Tag value=unit compile=False
     DEBUG |  339 | Processor       | [PROCESSOR] KV key=Tag value=vacuum compile=False
     DEBUG |  342 | Processor       | [PROCESSOR] KEY key=Tag compile=True
     DEBUG |  339 | Processor       | [PROCESSOR] KV key=Team value=Unix compile=False
     DEBUG |  342 | Processor       | [PROCESSOR] KEY key=Team compile=False
     DEBUG |  339 | Processor       | [PROCESSOR] KV key=Topic value=Administration compile=False
     DEBUG |  339 | Processor       | [PROCESSOR] KV key=Topic value=Housekeeping compile=False
     DEBUG |  339 | Processor       | [PROCESSOR] KV key=Topic value=Monitoring compile=False
     DEBUG |  339 | Processor       | [PROCESSOR] KV key=Topic value=Troubleshooting compile=False
     DEBUG |  342 | Processor       | [PROCESSOR] KEY key=Topic compile=False
     DEBUG |  339 | Processor       | [PROCESSOR] KV key=Website value=linuxhandbook.com compile=False
     DEBUG |  342 | Processor       | [PROCESSOR] KEY key=Website compile=False
     DEBUG |  347 | Backend         | [BACKEND] ANALYSIS_END
     DEBUG |  348 | Backend         | [BACKEND] TRANSFORMATION_START
     DEBUG |  353 | Processor       | [PROCESSOR] TRANSFORM_START
     DEBUG |  151 | Theme           | [BUILDER] TEMPLATE_CANDIDATE_FOUND path=/home/runner/.local/share/uv/tools/kb4it/lib/python3.14/site-packages/kb4it/resources/themes/techdoc/templates/PAGE_KEY.tpl
     DEBUG |  151 | Theme           | [BUILDER] TEMPLATE_CANDIDATE_FOUND path=/home/runner/.local/share/uv/tools/kb4it/lib/python3.14/site-packages/kb4it/resources/themes/techdoc/templates/WORDCLOUD.tpl
     DEBUG |  268 | Database        | [DATABASE] KV_SEARCH key=Author value=Tomás Vírseda count=2
     DEBUG |  230 | Backend         | [BACKEND] ADD_TARGET doc=Author.md resource=Author.html
     DEBUG |   69 | Database        | [DATABASE] DOC_ADD doc=Author.md
     DEBUG |   80 | Database        | [DATABASE] KV_ADD doc=Author.md key=Title value=Author
     DEBUG |   80 | Database        | [DATABASE] KV_ADD doc=Author.md key=SystemPage value=Yes
     DEBUG |  900 | Theme           | [THEME] KEY_TARGET key=Author resource=Author
     DEBUG |  230 | Backend         | [BACKEND] ADD_TARGET doc=Author.md resource=Author.html
     DEBUG |  268 | Database        | [DATABASE] KV_SEARCH key=Category value=Note count=1
     DEBUG |  268 | Database        | [DATABASE] KV_SEARCH key=Category value=Procedure count=1
     DEBUG |  230 | Backend         | [BACKEND] ADD_TARGET doc=Category.md resource=Category.html
     DEBUG |   69 | Database        | [DATABASE] DOC_ADD doc=Category.md
     DEBUG |   80 | Database        | [DATABASE] KV_ADD doc=Category.md key=Title value=Category
     DEBUG |   80 | Database        | [DATABASE] KV_ADD doc=Category.md key=SystemPage value=Yes
     DEBUG |  900 | Theme           | [THEME] KEY_TARGET key=Category resource=Category
     DEBUG |  230 | Backend         | [BACKEND] ADD_TARGET doc=Category.md resource=Category.html
     DEBUG |  230 | Backend         | [BACKEND] ADD_TARGET doc=Command.md resource=Command.html
     DEBUG |  268 | Database        | [DATABASE] KV_SEARCH key=DocType value=Explanation count=1
     DEBUG |  268 | Database        | [DATABASE] KV_SEARCH key=DocType value=Reference count=1
     DEBUG |  230 | Backend         | [BACKEND] ADD_TARGET doc=DocType.md resource=DocType.html
     DEBUG |   69 | Database        | [DATABASE] DOC_ADD doc=DocType.md
     DEBUG |   80 | Database        | [DATABASE] KV_ADD doc=DocType.md key=Title value=DocType
     DEBUG |   80 | Database        | [DATABASE] KV_ADD doc=DocType.md key=SystemPage value=Yes
     DEBUG |  900 | Theme           | [THEME] KEY_TARGET key=DocType resource=DocType
     DEBUG |  230 | Backend         | [BACKEND] ADD_TARGET doc=DocType.md resource=DocType.html
     DEBUG |  230 | Backend         | [BACKEND] ADD_TARGET doc=Filename.md resource=Filename.html
     DEBUG |  230 | Backend         | [BACKEND] ADD_TARGET doc=Filesystem.md resource=Filesystem.html
     DEBUG |  230 | Backend         | [BACKEND] ADD_TARGET doc=OS.md resource=OS.html
     DEBUG |  230 | Backend         | [BACKEND] ADD_TARGET doc=Priority.md resource=Priority.html
     DEBUG |  268 | Database        | [DATABASE] KV_SEARCH key=Product value=KB4IT count=1
     DEBUG |  268 | Database        | [DATABASE] KV_SEARCH key=Product value=Systemd count=1
     DEBUG |  230 | Backend         | [BACKEND] ADD_TARGET doc=Product.md resource=Product.html
     DEBUG |   69 | Database        | [DATABASE] DOC_ADD doc=Product.md
     DEBUG |   80 | Database        | [DATABASE] KV_ADD doc=Product.md key=Title value=Product
     DEBUG |   80 | Database        | [DATABASE] KV_ADD doc=Product.md key=SystemPage value=Yes
     DEBUG |  900 | Theme           | [THEME] KEY_TARGET key=Product resource=Product
     DEBUG |  230 | Backend         | [BACKEND] ADD_TARGET doc=Product.md resource=Product.html
     DEBUG |  230 | Backend         | [BACKEND] ADD_TARGET doc=Scope.md resource=Scope.html
     DEBUG |  230 | Backend         | [BACKEND] ADD_TARGET doc=Status.md resource=Status.html
     DEBUG |  268 | Database        | [DATABASE] KV_SEARCH key=Tag value=clear count=1
     DEBUG |  268 | Database        | [DATABASE] KV_SEARCH key=Tag value=github-pages count=1
     DEBUG |  268 | Database        | [DATABASE] KV_SEARCH key=Tag value=log count=1
     DEBUG |  268 | Database        | [DATABASE] KV_SEARCH key=Tag value=message count=1
     DEBUG |  268 | Database        | [DATABASE] KV_SEARCH key=Tag value=unit count=1
     DEBUG |  268 | Database        | [DATABASE] KV_SEARCH key=Tag value=vacuum count=1
     DEBUG |  230 | Backend         | [BACKEND] ADD_TARGET doc=Tag.md resource=Tag.html
     DEBUG |   69 | Database        | [DATABASE] DOC_ADD doc=Tag.md
     DEBUG |   80 | Database        | [DATABASE] KV_ADD doc=Tag.md key=Title value=Tag
     DEBUG |   80 | Database        | [DATABASE] KV_ADD doc=Tag.md key=SystemPage value=Yes
     DEBUG |  900 | Theme           | [THEME] KEY_TARGET key=Tag resource=Tag
     DEBUG |  230 | Backend         | [BACKEND] ADD_TARGET doc=Tag.md resource=Tag.html
     DEBUG |  230 | Backend         | [BACKEND] ADD_TARGET doc=Team.md resource=Team.html
     DEBUG |  230 | Backend         | [BACKEND] ADD_TARGET doc=Topic.md resource=Topic.html
     DEBUG |  230 | Backend         | [BACKEND] ADD_TARGET doc=Website.md resource=Website.html
     DEBUG |  151 | Theme           | [BUILDER] TEMPLATE_CANDIDATE_FOUND path=/home/runner/.local/share/uv/tools/kb4it/lib/python3.14/site-packages/kb4it/resources/themes/techdoc/templates/PAGE_KEY_VALUE.tpl
     DEBUG |  151 | Theme           | [BUILDER] TEMPLATE_CANDIDATE_FOUND path=/home/runner/.local/share/uv/tools/kb4it/lib/python3.14/site-packages/kb4it/resources/themes/techdoc/templates/LINK_DATATABLE.tpl
     DEBUG |  151 | Theme           | [BUILDER] TEMPLATE_CANDIDATE_FOUND path=/home/runner/.local/share/uv/tools/kb4it/lib/python3.14/site-packages/kb4it/resources/themes/techdoc/templates/DATATABLE.tpl
     DEBUG |  151 | Theme           | [BUILDER] TEMPLATE_CANDIDATE_FOUND path=/home/runner/.local/share/uv/tools/kb4it/lib/python3.14/site-packages/kb4it/resources/themes/techdoc/templates/DATATABLE_HEADER_ITEM.tpl
     DEBUG |  151 | Theme           | [BUILDER] TEMPLATE_CANDIDATE_FOUND path=/home/runner/.local/share/uv/tools/kb4it/lib/python3.14/site-packages/kb4it/resources/themes/techdoc/templates/DATATABLE_BODY_ITEM.tpl
     DEBUG |  230 | Backend         | [BACKEND] ADD_TARGET doc=Author_Tomás_Vírseda.md resource=Author_Tomás_Vírseda.html
     DEBUG |   69 | Database        | [DATABASE] DOC_ADD doc=Author_Tomás_Vírseda.md
     DEBUG |   80 | Database        | [DATABASE] KV_ADD doc=Author_Tomás_Vírseda.md key=Title value=Author: Tomás Vírseda
     DEBUG |   80 | Database        | [DATABASE] KV_ADD doc=Author_Tomás_Vírseda.md key=SystemPage value=Yes
     DEBUG |  230 | Backend         | [BACKEND] ADD_TARGET doc=Author_Tomás_Vírseda.md resource=Author_Tomás_Vírseda.html
     DEBUG |  230 | Backend         | [BACKEND] ADD_TARGET doc=Category_Note.md resource=Category_Note.html
     DEBUG |   69 | Database        | [DATABASE] DOC_ADD doc=Category_Note.md
     DEBUG |   80 | Database        | [DATABASE] KV_ADD doc=Category_Note.md key=Title value=Category: Note
     DEBUG |   80 | Database        | [DATABASE] KV_ADD doc=Category_Note.md key=SystemPage value=Yes
     DEBUG |  230 | Backend         | [BACKEND] ADD_TARGET doc=Category_Note.md resource=Category_Note.html
     DEBUG |  230 | Backend         | [BACKEND] ADD_TARGET doc=Category_Procedure.md resource=Category_Procedure.html
     DEBUG |  230 | Backend         | [BACKEND] ADD_TARGET doc=Command_cp.md resource=Command_cp.html
     DEBUG |  230 | Backend         | [BACKEND] ADD_TARGET doc=Command_du.md resource=Command_du.html
     DEBUG |  230 | Backend         | [BACKEND] ADD_TARGET doc=Command_journalctl.md resource=Command_journalctl.html
     DEBUG |  230 | Backend         | [BACKEND] ADD_TARGET doc=Command_systemctl.md resource=Command_systemctl.html
     DEBUG |  230 | Backend         | [BACKEND] ADD_TARGET doc=DocType_Explanation.md resource=DocType_Explanation.html
     DEBUG |   69 | Database        | [DATABASE] DOC_ADD doc=DocType_Explanation.md
     DEBUG |   80 | Database        | [DATABASE] KV_ADD doc=DocType_Explanation.md key=Title value=DocType: Explanation
     DEBUG |   80 | Database        | [DATABASE] KV_ADD doc=DocType_Explanation.md key=SystemPage value=Yes
     DEBUG |  230 | Backend         | [BACKEND] ADD_TARGET doc=DocType_Explanation.md resource=DocType_Explanation.html
     DEBUG |  230 | Backend         | [BACKEND] ADD_TARGET doc=DocType_Reference.md resource=DocType_Reference.html
     DEBUG |  230 | Backend         | [BACKEND] ADD_TARGET doc=Filename_journald.conf.md resource=Filename_journald.conf.html
     DEBUG |  230 | Backend         | [BACKEND] ADD_TARGET doc=Filename_journald.conf.back.md resource=Filename_journald.conf.back.html
     DEBUG |  230 | Backend         | [BACKEND] ADD_TARGET doc=Filesystem_etcsystemd.md resource=Filesystem_etcsystemd.html
     DEBUG |  230 | Backend         | [BACKEND] ADD_TARGET doc=Filesystem_varlogjournal.md resource=Filesystem_varlogjournal.html
     DEBUG |  230 | Backend         | [BACKEND] ADD_TARGET doc=OS_Linux.md resource=OS_Linux.html
     DEBUG |  230 | Backend         | [BACKEND] ADD_TARGET doc=Priority_Normal.md resource=Priority_Normal.html
     DEBUG |  230 | Backend         | [BACKEND] ADD_TARGET doc=Product_KB4IT.md resource=Product_KB4IT.html
     DEBUG |   69 | Database        | [DATABASE] DOC_ADD doc=Product_KB4IT.md
     DEBUG |   80 | Database        | [DATABASE] KV_ADD doc=Product_KB4IT.md key=Title value=Product: KB4IT
     DEBUG |   80 | Database        | [DATABASE] KV_ADD doc=Product_KB4IT.md key=SystemPage value=Yes
     DEBUG |  230 | Backend         | [BACKEND] ADD_TARGET doc=Product_KB4IT.md resource=Product_KB4IT.html
     DEBUG |  230 | Backend         | [BACKEND] ADD_TARGET doc=Product_Systemd.md resource=Product_Systemd.html
     DEBUG |  230 | Backend         | [BACKEND] ADD_TARGET doc=Scope_Unix_Administration.md resource=Scope_Unix_Administration.html
     DEBUG |  230 | Backend         | [BACKEND] ADD_TARGET doc=Status_Released.md resource=Status_Released.html
     DEBUG |  230 | Backend         | [BACKEND] ADD_TARGET doc=Tag_clear.md resource=Tag_clear.html
     DEBUG |  230 | Backend         | [BACKEND] ADD_TARGET doc=Tag_github-pages.md resource=Tag_github-pages.html
     DEBUG |   69 | Database        | [DATABASE] DOC_ADD doc=Tag_github-pages.md
     DEBUG |   80 | Database        | [DATABASE] KV_ADD doc=Tag_github-pages.md key=Title value=Tag: github-pages
     DEBUG |   80 | Database        | [DATABASE] KV_ADD doc=Tag_github-pages.md key=SystemPage value=Yes
     DEBUG |  230 | Backend         | [BACKEND] ADD_TARGET doc=Tag_github-pages.md resource=Tag_github-pages.html
     DEBUG |  230 | Backend         | [BACKEND] ADD_TARGET doc=Tag_log.md resource=Tag_log.html
     DEBUG |  230 | Backend         | [BACKEND] ADD_TARGET doc=Tag_message.md resource=Tag_message.html
     DEBUG |  230 | Backend         | [BACKEND] ADD_TARGET doc=Tag_unit.md resource=Tag_unit.html
     DEBUG |  230 | Backend         | [BACKEND] ADD_TARGET doc=Tag_vacuum.md resource=Tag_vacuum.html
     DEBUG |  230 | Backend         | [BACKEND] ADD_TARGET doc=Team_Unix.md resource=Team_Unix.html
     DEBUG |  230 | Backend         | [BACKEND] ADD_TARGET doc=Topic_Administration.md resource=Topic_Administration.html
     DEBUG |  230 | Backend         | [BACKEND] ADD_TARGET doc=Topic_Housekeeping.md resource=Topic_Housekeeping.html
     DEBUG |  230 | Backend         | [BACKEND] ADD_TARGET doc=Topic_Monitoring.md resource=Topic_Monitoring.html
     DEBUG |  230 | Backend         | [BACKEND] ADD_TARGET doc=Topic_Troubleshooting.md resource=Topic_Troubleshooting.html
     DEBUG |  230 | Backend         | [BACKEND] ADD_TARGET doc=Website_linuxhandbook.com.md resource=Website_linuxhandbook.com.html
     DEBUG |  382 | Processor       | [PROCESSOR] KEYS_TO_COMPILE n=5
     DEBUG |  383 | Processor       | [PROCESSOR] KV_PAIRS_TO_COMPILE n=5
     DEBUG |  384 | Processor       | [PROCESSOR] TARGET_DOCS n=50
     DEBUG |  385 | Processor       | [PROCESSOR] TRANSFORM_END
     DEBUG |  350 | Backend         | [BACKEND] TRANSFORMATION_END
     DEBUG |   90 | Util            | [PERFORMANCE] 0.0256s => Stage stage_03_process_sources
      INFO |  142 | Workflow        | [WORKFLOW] PLAN docs=1 keys=5 kv=5
      INFO |  148 | Workflow        | [WORKFLOW] STAGE n=4 name=process_theme
     DEBUG |  355 | Backend         | [BACKEND] THEME_START
     DEBUG |  151 | Theme           | [BUILDER] TEMPLATE_CANDIDATE_FOUND path=/home/runner/.local/share/uv/tools/kb4it/lib/python3.14/site-packages/kb4it/resources/themes/techdoc/templates/EVENTCAL_PAGE_EVENTS_DAYS.tpl
     DEBUG |  151 | Theme           | [BUILDER] TEMPLATE_CANDIDATE_FOUND path=/home/runner/.local/share/uv/tools/kb4it/lib/python3.14/site-packages/kb4it/resources/themes/techdoc/templates/EVENTCAL_PAGE_EVENTS_MONTHS.tpl
     DEBUG |  230 | Backend         | [BACKEND] ADD_TARGET doc=events_20260520.md resource=events_20260520.html
     DEBUG |   69 | Database        | [DATABASE] DOC_ADD doc=events_20260520.md
     DEBUG |   80 | Database        | [DATABASE] KV_ADD doc=events_20260520.md key=Title value=Events on Wednesday, May 20, 2026
     DEBUG |   80 | Database        | [DATABASE] KV_ADD doc=events_20260520.md key=SystemPage value=Yes
     DEBUG |  230 | Backend         | [BACKEND] ADD_TARGET doc=events_20260520.md resource=events_20260520.html
     DEBUG |  230 | Backend         | [BACKEND] ADD_TARGET doc=events_20240514 resource=events_20240514.html
     DEBUG |  230 | Backend         | [BACKEND] ADD_TARGET doc=events_20240514.md resource=events_20240514.html
     DEBUG |  230 | Backend         | [BACKEND] ADD_TARGET doc=events_202605.md resource=events_202605.html
     DEBUG |   69 | Database        | [DATABASE] DOC_ADD doc=events_202605.md
     DEBUG |   80 | Database        | [DATABASE] KV_ADD doc=events_202605.md key=Title value=Events on May, 2026
     DEBUG |   80 | Database        | [DATABASE] KV_ADD doc=events_202605.md key=SystemPage value=Yes
     DEBUG |  230 | Backend         | [BACKEND] ADD_TARGET doc=events_202605.md resource=events_202605.html
     DEBUG |  230 | Backend         | [BACKEND] ADD_TARGET doc=events_202405 resource=events_202405.html
     DEBUG |  230 | Backend         | [BACKEND] ADD_TARGET doc=events_202405.md resource=events_202405.html
     DEBUG |  151 | Theme           | [BUILDER] TEMPLATE_CANDIDATE_FOUND path=/home/runner/.local/share/uv/tools/kb4it/lib/python3.14/site-packages/kb4it/resources/themes/techdoc/templates/EVENTCAL_PAGE_EVENTS_YEARS.tpl
     DEBUG |  230 | Backend         | [BACKEND] ADD_TARGET doc=events_2026.md resource=events_2026.html
     DEBUG |   69 | Database        | [DATABASE] DOC_ADD doc=events_2026.md
     DEBUG |   80 | Database        | [DATABASE] KV_ADD doc=events_2026.md key=Title value=Archive / 2026
     DEBUG |   80 | Database        | [DATABASE] KV_ADD doc=events_2026.md key=SystemPage value=Yes
     DEBUG |  230 | Backend         | [BACKEND] ADD_TARGET doc=events_2026.md resource=events_2026.html
     DEBUG |  230 | Backend         | [BACKEND] ADD_TARGET doc=events_2024 resource=events_2024.html
     DEBUG |  230 | Backend         | [BACKEND] ADD_TARGET doc=events_2024.md resource=events_2024.html
     DEBUG |  151 | Theme           | [BUILDER] TEMPLATE_CANDIDATE_FOUND path=/home/runner/.local/share/uv/tools/kb4it/lib/python3.14/site-packages/kb4it/resources/themes/techdoc/templates/PAGE_EVENTS.tpl
     DEBUG |  230 | Backend         | [BACKEND] ADD_TARGET doc=events.md resource=events.html
     DEBUG |   69 | Database        | [DATABASE] DOC_ADD doc=events.md
     DEBUG |   80 | Database        | [DATABASE] KV_ADD doc=events.md key=Title value=Events
     DEBUG |   80 | Database        | [DATABASE] KV_ADD doc=events.md key=SystemPage value=Yes
     DEBUG |  151 | Theme           | [BUILDER] TEMPLATE_CANDIDATE_FOUND path=/home/runner/.local/share/uv/tools/kb4it/lib/python3.14/site-packages/kb4it/resources/themes/techdoc/templates/PAGE_PROPERTIES.tpl
     DEBUG |  151 | Theme           | [BUILDER] TEMPLATE_CANDIDATE_FOUND path=/home/runner/.local/share/uv/tools/kb4it/lib/python3.14/site-packages/kb4it/resources/themes/techdoc/templates/KEY_MODAL_BUTTON.tpl
     DEBUG |  609 | Theme           | [THEME] KEY key=Author frequency=1
     DEBUG |  609 | Theme           | [THEME] KEY key=Category frequency=2
     DEBUG |  609 | Theme           | [THEME] KEY key=Command frequency=4
     DEBUG |  609 | Theme           | [THEME] KEY key=DocType frequency=2
     DEBUG |  609 | Theme           | [THEME] KEY key=Filename frequency=2
     DEBUG |  609 | Theme           | [THEME] KEY key=Filesystem frequency=2
     DEBUG |  609 | Theme           | [THEME] KEY key=OS frequency=1
     DEBUG |  609 | Theme           | [THEME] KEY key=Priority frequency=1
     DEBUG |  609 | Theme           | [THEME] KEY key=Product frequency=2
     DEBUG |  609 | Theme           | [THEME] KEY key=Scope frequency=1
     DEBUG |  609 | Theme           | [THEME] KEY key=Status frequency=1
     DEBUG |  609 | Theme           | [THEME] KEY key=Tag frequency=6
     DEBUG |  609 | Theme           | [THEME] KEY key=Team frequency=1
     DEBUG |  609 | Theme           | [THEME] KEY key=Topic frequency=4
     DEBUG |  609 | Theme           | [THEME] KEY key=Website frequency=1
     DEBUG |  230 | Backend         | [BACKEND] ADD_TARGET doc=properties.md resource=properties.html
     DEBUG |   69 | Database        | [DATABASE] DOC_ADD doc=properties.md
     DEBUG |   80 | Database        | [DATABASE] KV_ADD doc=properties.md key=Title value=Properties
     DEBUG |   80 | Database        | [DATABASE] KV_ADD doc=properties.md key=SystemPage value=Yes
     DEBUG |  151 | Theme           | [BUILDER] TEMPLATE_CANDIDATE_FOUND path=/home/runner/.local/share/uv/tools/kb4it/lib/python3.14/site-packages/kb4it/resources/themes/techdoc/templates/PAGE_STATS.tpl
     DEBUG |  230 | Backend         | [BACKEND] ADD_TARGET doc=stats.md resource=stats.html
     DEBUG |   69 | Database        | [DATABASE] DOC_ADD doc=stats.md
     DEBUG |   80 | Database        | [DATABASE] KV_ADD doc=stats.md key=Title value=Stats
     DEBUG |   80 | Database        | [DATABASE] KV_ADD doc=stats.md key=SystemPage value=Yes
     DEBUG |  151 | Theme           | [BUILDER] TEMPLATE_CANDIDATE_FOUND path=/home/runner/.local/share/uv/tools/kb4it/lib/python3.14/site-packages/kb4it/resources/themes/techdoc/templates/PAGE_BOOKMARKS.tpl
     DEBUG |  938 | Theme           | [THEME] BOOKMARK_CHECK doc=HELLO-WORLD.md bookmark= is_bookmarked=False
     DEBUG |  938 | Theme           | [THEME] BOOKMARK_CHECK doc=LINUX-SYSTEMD-JOURNALCTL.md bookmark= is_bookmarked=False
     DEBUG |  942 | Theme           | [THEME] BOOKMARKS_FOUND n=0
     DEBUG |   69 | Database        | [DATABASE] DOC_ADD doc=bookmarks.md
     DEBUG |   80 | Database        | [DATABASE] KV_ADD doc=bookmarks.md key=Title value=Bookmarks
     DEBUG |   80 | Database        | [DATABASE] KV_ADD doc=bookmarks.md key=SystemPage value=Yes
     DEBUG |  230 | Backend         | [BACKEND] ADD_TARGET doc=bookmarks.md resource=bookmarks.html
     DEBUG |  955 | Theme           | [THEME] BOOKMARKS_PAGE_CREATED
     DEBUG |  151 | Theme           | [BUILDER] TEMPLATE_CANDIDATE_FOUND path=/home/runner/.local/share/uv/tools/kb4it/lib/python3.14/site-packages/kb4it/resources/themes/techdoc/templates/PAGE_ADD.tpl
     DEBUG |  230 | Backend         | [BACKEND] ADD_TARGET doc=add.md resource=add.html
     DEBUG |   69 | Database        | [DATABASE] DOC_ADD doc=add.md
     DEBUG |   80 | Database        | [DATABASE] KV_ADD doc=add.md key=Title value=Add document
     DEBUG |   80 | Database        | [DATABASE] KV_ADD doc=add.md key=SystemPage value=Yes
     DEBUG |  268 | Database        | [DATABASE] KV_SEARCH key=Category value=Change count=0
     DEBUG |  268 | Database        | [DATABASE] KV_SEARCH key=Category value=Incident count=0
     DEBUG |  268 | Database        | [DATABASE] KV_SEARCH key=DocType value=Tutorial count=0
     DEBUG |  268 | Database        | [DATABASE] KV_SEARCH key=DocType value=How-to guide count=0
     DEBUG |  268 | Database        | [DATABASE] KV_SEARCH key=Topic value=Monitoring count=1
     DEBUG |  151 | Theme           | [BUILDER] TEMPLATE_CANDIDATE_FOUND path=/home/runner/.local/share/uv/tools/kb4it/lib/python3.14/site-packages/kb4it/resources/themes/techdoc/templates/PAGE_INDEX.tpl
     DEBUG |  230 | Backend         | [BACKEND] ADD_TARGET doc=index.md resource=index.html
     DEBUG |   69 | Database        | [DATABASE] DOC_ADD doc=index.md
     DEBUG |   80 | Database        | [DATABASE] KV_ADD doc=index.md key=Title value=t00m's tech notes
     DEBUG |   80 | Database        | [DATABASE] KV_ADD doc=index.md key=SystemPage value=Yes
     DEBUG |  151 | Theme           | [BUILDER] TEMPLATE_CANDIDATE_FOUND path=/home/runner/.local/share/uv/tools/kb4it/lib/python3.14/site-packages/kb4it/resources/themes/techdoc/templates/PAGE_ALL.tpl
     DEBUG |  230 | Backend         | [BACKEND] ADD_TARGET doc=all.md resource=all.html
     DEBUG |   69 | Database        | [DATABASE] DOC_ADD doc=all.md
     DEBUG |   80 | Database        | [DATABASE] KV_ADD doc=all.md key=Title value=All documents
     DEBUG |   80 | Database        | [DATABASE] KV_ADD doc=all.md key=SystemPage value=Yes
     DEBUG |  230 | Backend         | [BACKEND] ADD_TARGET doc=about_kb4it.md resource=about_kb4it.html
     DEBUG |   69 | Database        | [DATABASE] DOC_ADD doc=about_kb4it.md
     DEBUG |   80 | Database        | [DATABASE] KV_ADD doc=about_kb4it.md key=Title value=About KB4IT
     DEBUG |   80 | Database        | [DATABASE] KV_ADD doc=about_kb4it.md key=SystemPage value=Yes
     DEBUG |  151 | Theme           | [BUILDER] TEMPLATE_CANDIDATE_FOUND path=/home/runner/.local/share/uv/tools/kb4it/lib/python3.14/site-packages/kb4it/resources/themes/techdoc/templates/PAGE_HELP.tpl
     DEBUG |  230 | Backend         | [BACKEND] ADD_TARGET doc=help.md resource=help.html
     DEBUG |   69 | Database        | [DATABASE] DOC_ADD doc=help.md
     DEBUG |   80 | Database        | [DATABASE] KV_ADD doc=help.md key=Title value=Help
     DEBUG |   80 | Database        | [DATABASE] KV_ADD doc=help.md key=SystemPage value=Yes
     DEBUG |  357 | Backend         | [BACKEND] THEME_END
     DEBUG |   90 | Util            | [PERFORMANCE] 0.0292s => Stage stage_04_process_theme
      INFO |  151 | Workflow        | [WORKFLOW] STAGE n=5 name=compilation
     DEBUG |  146 | KB4IT           | [CONTROLLER] SERVICE_REGISTER name=Compiler
     DEBUG |   59 | Compiler        | [SERVICE] STARTED name=Compiler
     DEBUG |   66 | Compiler        | [COMPILER] START
     DEBUG |   75 | Compiler        | [COMPILER] RESOURCES_COPIED
     DEBUG |   79 | Compiler        | [COMPILER] TARGETS count=64
     DEBUG |   83 | Compiler        | [COMPILER] WORKERS n=2
     DEBUG |  104 | Compiler        | [COMPILER] QUEUE doc=Author.md format=md
     DEBUG |  104 | Compiler        | [COMPILER] QUEUE doc=Author_Tomás_Vírseda.md format=md
     DEBUG |  104 | Compiler        | [COMPILER] QUEUE doc=Category.md format=md
     DEBUG |  104 | Compiler        | [COMPILER] QUEUE doc=Category_Note.md format=md
     DEBUG |  104 | Compiler        | [COMPILER] QUEUE doc=DocType.md format=md
     DEBUG |  104 | Compiler        | [COMPILER] QUEUE doc=DocType_Explanation.md format=md
     DEBUG |  104 | Compiler        | [COMPILER] QUEUE doc=HELLO-WORLD.md format=md
     DEBUG |  104 | Compiler        | [COMPILER] QUEUE doc=Product.md format=md
     DEBUG |  104 | Compiler        | [COMPILER] QUEUE doc=Product_KB4IT.md format=md
     DEBUG |  104 | Compiler        | [COMPILER] QUEUE doc=Tag.md format=md
     DEBUG |  104 | Compiler        | [COMPILER] QUEUE doc=Tag_github-pages.md format=md
     DEBUG |  104 | Compiler        | [COMPILER] QUEUE doc=about_kb4it.md format=md
     DEBUG |  104 | Compiler        | [COMPILER] QUEUE doc=add.md format=md
     DEBUG |  104 | Compiler        | [COMPILER] QUEUE doc=all.md format=md
     DEBUG |  104 | Compiler        | [COMPILER] QUEUE doc=bookmarks.md format=md
     DEBUG |  104 | Compiler        | [COMPILER] QUEUE doc=events.md format=md
     DEBUG |  104 | Compiler        | [COMPILER] QUEUE doc=events_2026.md format=md
     DEBUG |  104 | Compiler        | [COMPILER] QUEUE doc=events_202605.md format=md
     DEBUG |  104 | Compiler        | [COMPILER] QUEUE doc=events_20260520.md format=md
     DEBUG |  104 | Compiler        | [COMPILER] QUEUE doc=help.md format=md
     DEBUG |  104 | Compiler        | [COMPILER] QUEUE doc=index.md format=md
     DEBUG |  104 | Compiler        | [COMPILER] QUEUE doc=properties.md format=md
     DEBUG |  104 | Compiler        | [COMPILER] QUEUE doc=stats.md format=md
     DEBUG |  111 | Compiler        | [COMPILER] COMPILATION_START
      INFO |  172 | Compiler        | [COMPILER] COMPILED doc=Author_Tomás_Vírseda.md rc=True
      INFO |  172 | Compiler        | [COMPILER] COMPILED doc=Author.md rc=True
     DEBUG |  151 | Theme           | [BUILDER] TEMPLATE_CANDIDATE_FOUND path=/home/runner/.local/share/uv/tools/kb4it/lib/python3.14/site-packages/kb4it/resources/themes/techdoc/templates/HTML_HEADER_COMMON.tpl
     DEBUG |  151 | Theme           | [BUILDER] TEMPLATE_CANDIDATE_FOUND path=/home/runner/.local/share/uv/tools/kb4it/lib/python3.14/site-packages/kb4it/resources/themes/techdoc/templates/HTML_BODY.tpl
     DEBUG |  151 | Theme           | [BUILDER] TEMPLATE_CANDIDATE_FOUND path=/home/runner/.local/share/uv/tools/kb4it/lib/python3.14/site-packages/kb4it/resources/themes/techdoc/templates/HTML_FOOTER.tpl
     DEBUG |  151 | Theme           | [BUILDER] TEMPLATE_CANDIDATE_FOUND path=/home/runner/.local/share/uv/tools/kb4it/lib/python3.14/site-packages/kb4it/resources/themes/techdoc/templates/HTML_TOC_LI.tpl
     DEBUG |  151 | Theme           | [BUILDER] TEMPLATE_CANDIDATE_FOUND path=/home/runner/.local/share/uv/tools/kb4it/lib/python3.14/site-packages/kb4it/resources/themes/techdoc/templates/HTML_TOC_SECTLEVEL1.tpl
     DEBUG |  151 | Theme           | [BUILDER] TEMPLATE_CANDIDATE_FOUND path=/home/runner/.local/share/uv/tools/kb4it/lib/python3.14/site-packages/kb4it/resources/themes/techdoc/templates/HTML_TOC_SECTLEVEL2.tpl
     DEBUG |  151 | Theme           | [BUILDER] TEMPLATE_CANDIDATE_FOUND path=/home/runner/.local/share/uv/tools/kb4it/lib/python3.14/site-packages/kb4it/resources/themes/techdoc/templates/HTML_TOC_SECTLEVEL3.tpl
     DEBUG |  151 | Theme           | [BUILDER] TEMPLATE_CANDIDATE_FOUND path=/home/runner/.local/share/uv/tools/kb4it/lib/python3.14/site-packages/kb4it/resources/themes/techdoc/templates/HTML_TOC_SECTLEVEL4.tpl
     DEBUG |  151 | Theme           | [BUILDER] TEMPLATE_CANDIDATE_FOUND path=/home/runner/.local/share/uv/tools/kb4it/lib/python3.14/site-packages/kb4it/resources/themes/techdoc/templates/HTML_HEADER_MENU_CONTENTS_DISABLED.tpl
     DEBUG |  154 | Theme           | [BUILDER] TEMPLATE_CANDIDATE_SKIP path=/home/runner/.local/share/uv/tools/kb4it/lib/python3.14/site-packages/kb4it/resources/themes/techdoc/templates/HTML_TAG_A_MD.tpl reason=[Errno 2] No such file or directory: '/home/runner/.local/share/uv/tools/kb4it/lib/python3.14/site-packages/kb4it/resources/themes/techdoc/templates/HTML_TAG_A_MD.tpl'
     DEBUG |  151 | Theme           | [BUILDER] TEMPLATE_CANDIDATE_FOUND path=/home/runner/.local/share/uv/tools/kb4it/lib/python3.14/site-packages/kb4it/resources/common/templates/HTML_TAG_A_MD.tpl
     DEBUG |  151 | Theme           | [BUILDER] TEMPLATE_CANDIDATE_FOUND path=/home/runner/.local/share/uv/tools/kb4it/lib/python3.14/site-packages/kb4it/resources/themes/techdoc/templates/HTML_TAG_A_NEW.tpl
     DEBUG |  154 | Theme           | [BUILDER] TEMPLATE_CANDIDATE_SKIP path=/home/runner/.local/share/uv/tools/kb4it/lib/python3.14/site-packages/kb4it/resources/themes/techdoc/templates/HTML_TAG_TOC_MD.tpl reason=[Errno 2] No such file or directory: '/home/runner/.local/share/uv/tools/kb4it/lib/python3.14/site-packages/kb4it/resources/themes/techdoc/templates/HTML_TAG_TOC_MD.tpl'
     DEBUG |  151 | Theme           | [BUILDER] TEMPLATE_CANDIDATE_FOUND path=/home/runner/.local/share/uv/tools/kb4it/lib/python3.14/site-packages/kb4it/resources/common/templates/HTML_TAG_TOC_MD.tpl
     DEBUG |  151 | Theme           | [BUILDER] TEMPLATE_CANDIDATE_FOUND path=/home/runner/.local/share/uv/tools/kb4it/lib/python3.14/site-packages/kb4it/resources/themes/techdoc/templates/HTML_TAG_TOC_NEW.tpl
     DEBUG |  154 | Theme           | [BUILDER] TEMPLATE_CANDIDATE_SKIP path=/home/runner/.local/share/uv/tools/kb4it/lib/python3.14/site-packages/kb4it/resources/themes/techdoc/templates/HTML_TAG_SECT1_MD.tpl reason=[Errno 2] No such file or directory: '/home/runner/.local/share/uv/tools/kb4it/lib/python3.14/site-packages/kb4it/resources/themes/techdoc/templates/HTML_TAG_SECT1_MD.tpl'
     DEBUG |  151 | Theme           | [BUILDER] TEMPLATE_CANDIDATE_FOUND path=/home/runner/.local/share/uv/tools/kb4it/lib/python3.14/site-packages/kb4it/resources/common/templates/HTML_TAG_SECT1_MD.tpl
     DEBUG |  151 | Theme           | [BUILDER] TEMPLATE_CANDIDATE_FOUND path=/home/runner/.local/share/uv/tools/kb4it/lib/python3.14/site-packages/kb4it/resources/themes/techdoc/templates/HTML_TAG_SECT1_NEW.tpl
     DEBUG |  154 | Theme           | [BUILDER] TEMPLATE_CANDIDATE_SKIP path=/home/runner/.local/share/uv/tools/kb4it/lib/python3.14/site-packages/kb4it/resources/themes/techdoc/templates/HTML_TAG_SECT2_MD.tpl reason=[Errno 2] No such file or directory: '/home/runner/.local/share/uv/tools/kb4it/lib/python3.14/site-packages/kb4it/resources/themes/techdoc/templates/HTML_TAG_SECT2_MD.tpl'
     DEBUG |  151 | Theme           | [BUILDER] TEMPLATE_CANDIDATE_FOUND path=/home/runner/.local/share/uv/tools/kb4it/lib/python3.14/site-packages/kb4it/resources/common/templates/HTML_TAG_SECT2_MD.tpl
     DEBUG |  151 | Theme           | [BUILDER] TEMPLATE_CANDIDATE_FOUND path=/home/runner/.local/share/uv/tools/kb4it/lib/python3.14/site-packages/kb4it/resources/themes/techdoc/templates/HTML_TAG_SECT2_NEW.tpl
     DEBUG |  154 | Theme           | [BUILDER] TEMPLATE_CANDIDATE_SKIP path=/home/runner/.local/share/uv/tools/kb4it/lib/python3.14/site-packages/kb4it/resources/themes/techdoc/templates/HTML_TAG_SECT3_MD.tpl reason=[Errno 2] No such file or directory: '/home/runner/.local/share/uv/tools/kb4it/lib/python3.14/site-packages/kb4it/resources/themes/techdoc/templates/HTML_TAG_SECT3_MD.tpl'
     DEBUG |  151 | Theme           | [BUILDER] TEMPLATE_CANDIDATE_FOUND path=/home/runner/.local/share/uv/tools/kb4it/lib/python3.14/site-packages/kb4it/resources/common/templates/HTML_TAG_SECT3_MD.tpl
     DEBUG |  151 | Theme           | [BUILDER] TEMPLATE_CANDIDATE_FOUND path=/home/runner/.local/share/uv/tools/kb4it/lib/python3.14/site-packages/kb4it/resources/themes/techdoc/templates/HTML_TAG_SECT3_NEW.tpl
     DEBUG |  154 | Theme           | [BUILDER] TEMPLATE_CANDIDATE_SKIP path=/home/runner/.local/share/uv/tools/kb4it/lib/python3.14/site-packages/kb4it/resources/themes/techdoc/templates/HTML_TAG_SECT4_MD.tpl reason=[Errno 2] No such file or directory: '/home/runner/.local/share/uv/tools/kb4it/lib/python3.14/site-packages/kb4it/resources/themes/techdoc/templates/HTML_TAG_SECT4_MD.tpl'
     DEBUG |  151 | Theme           | [BUILDER] TEMPLATE_CANDIDATE_FOUND path=/home/runner/.local/share/uv/tools/kb4it/lib/python3.14/site-packages/kb4it/resources/common/templates/HTML_TAG_SECT4_MD.tpl
     DEBUG |  151 | Theme           | [BUILDER] TEMPLATE_CANDIDATE_FOUND path=/home/runner/.local/share/uv/tools/kb4it/lib/python3.14/site-packages/kb4it/resources/themes/techdoc/templates/HTML_TAG_SECT4_NEW.tpl
     DEBUG |  154 | Theme           | [BUILDER] TEMPLATE_CANDIDATE_SKIP path=/home/runner/.local/share/uv/tools/kb4it/lib/python3.14/site-packages/kb4it/resources/themes/techdoc/templates/HTML_TAG_SECTIONBODY_MD.tpl reason=[Errno 2] No such file or directory: '/home/runner/.local/share/uv/tools/kb4it/lib/python3.14/site-packages/kb4it/resources/themes/techdoc/templates/HTML_TAG_SECTIONBODY_MD.tpl'
     DEBUG |  151 | Theme           | [BUILDER] TEMPLATE_CANDIDATE_FOUND path=/home/runner/.local/share/uv/tools/kb4it/lib/python3.14/site-packages/kb4it/resources/common/templates/HTML_TAG_SECTIONBODY_MD.tpl
     DEBUG |  151 | Theme           | [BUILDER] TEMPLATE_CANDIDATE_FOUND path=/home/runner/.local/share/uv/tools/kb4it/lib/python3.14/site-packages/kb4it/resources/themes/techdoc/templates/HTML_TAG_SECTIONBODY_NEW.tpl
     DEBUG |  154 | Theme           | [BUILDER] TEMPLATE_CANDIDATE_SKIP path=/home/runner/.local/share/uv/tools/kb4it/lib/python3.14/site-packages/kb4it/resources/themes/techdoc/templates/HTML_TAG_PRE_MD.tpl reason=[Errno 2] No such file or directory: '/home/runner/.local/share/uv/tools/kb4it/lib/python3.14/site-packages/kb4it/resources/themes/techdoc/templates/HTML_TAG_PRE_MD.tpl'
     DEBUG |  151 | Theme           | [BUILDER] TEMPLATE_CANDIDATE_FOUND path=/home/runner/.local/share/uv/tools/kb4it/lib/python3.14/site-packages/kb4it/resources/common/templates/HTML_TAG_PRE_MD.tpl
     DEBUG |  151 | Theme           | [BUILDER] TEMPLATE_CANDIDATE_FOUND path=/home/runner/.local/share/uv/tools/kb4it/lib/python3.14/site-packages/kb4it/resources/themes/techdoc/templates/HTML_TAG_PRE_NEW.tpl
     DEBUG |  154 | Theme           | [BUILDER] TEMPLATE_CANDIDATE_SKIP path=/home/runner/.local/share/uv/tools/kb4it/lib/python3.14/site-packages/kb4it/resources/themes/techdoc/templates/HTML_TAG_H2_MD.tpl reason=[Errno 2] No such file or directory: '/home/runner/.local/share/uv/tools/kb4it/lib/python3.14/site-packages/kb4it/resources/themes/techdoc/templates/HTML_TAG_H2_MD.tpl'
     DEBUG |  151 | Theme           | [BUILDER] TEMPLATE_CANDIDATE_FOUND path=/home/runner/.local/share/uv/tools/kb4it/lib/python3.14/site-packages/kb4it/resources/common/templates/HTML_TAG_H2_MD.tpl
     DEBUG |  151 | Theme           | [BUILDER] TEMPLATE_CANDIDATE_FOUND path=/home/runner/.local/share/uv/tools/kb4it/lib/python3.14/site-packages/kb4it/resources/themes/techdoc/templates/HTML_TAG_H2_NEW.tpl
     DEBUG |  154 | Theme           | [BUILDER] TEMPLATE_CANDIDATE_SKIP path=/home/runner/.local/share/uv/tools/kb4it/lib/python3.14/site-packages/kb4it/resources/themes/techdoc/templates/HTML_TAG_H3_MD.tpl reason=[Errno 2] No such file or directory: '/home/runner/.local/share/uv/tools/kb4it/lib/python3.14/site-packages/kb4it/resources/themes/techdoc/templates/HTML_TAG_H3_MD.tpl'
     DEBUG |  151 | Theme           | [BUILDER] TEMPLATE_CANDIDATE_FOUND path=/home/runner/.local/share/uv/tools/kb4it/lib/python3.14/site-packages/kb4it/resources/common/templates/HTML_TAG_H3_MD.tpl
     DEBUG |  151 | Theme           | [BUILDER] TEMPLATE_CANDIDATE_FOUND path=/home/runner/.local/share/uv/tools/kb4it/lib/python3.14/site-packages/kb4it/resources/themes/techdoc/templates/HTML_TAG_H3_NEW.tpl
     DEBUG |  154 | Theme           | [BUILDER] TEMPLATE_CANDIDATE_SKIP path=/home/runner/.local/share/uv/tools/kb4it/lib/python3.14/site-packages/kb4it/resources/themes/techdoc/templates/HTML_TAG_H4_MD.tpl reason=[Errno 2] No such file or directory: '/home/runner/.local/share/uv/tools/kb4it/lib/python3.14/site-packages/kb4it/resources/themes/techdoc/templates/HTML_TAG_H4_MD.tpl'
     DEBUG |  151 | Theme           | [BUILDER] TEMPLATE_CANDIDATE_FOUND path=/home/runner/.local/share/uv/tools/kb4it/lib/python3.14/site-packages/kb4it/resources/common/templates/HTML_TAG_H4_MD.tpl
     DEBUG |  151 | Theme           | [BUILDER] TEMPLATE_CANDIDATE_FOUND path=/home/runner/.local/share/uv/tools/kb4it/lib/python3.14/site-packages/kb4it/resources/themes/techdoc/templates/HTML_TAG_H4_NEW.tpl
     DEBUG |  154 | Theme           | [BUILDER] TEMPLATE_CANDIDATE_SKIP path=/home/runner/.local/share/uv/tools/kb4it/lib/python3.14/site-packages/kb4it/resources/themes/techdoc/templates/HTML_TAG_TABLE_MD.tpl reason=[Errno 2] No such file or directory: '/home/runner/.local/share/uv/tools/kb4it/lib/python3.14/site-packages/kb4it/resources/themes/techdoc/templates/HTML_TAG_TABLE_MD.tpl'
     DEBUG |  151 | Theme           | [BUILDER] TEMPLATE_CANDIDATE_FOUND path=/home/runner/.local/share/uv/tools/kb4it/lib/python3.14/site-packages/kb4it/resources/common/templates/HTML_TAG_TABLE_MD.tpl
     DEBUG |  151 | Theme           | [BUILDER] TEMPLATE_CANDIDATE_FOUND path=/home/runner/.local/share/uv/tools/kb4it/lib/python3.14/site-packages/kb4it/resources/themes/techdoc/templates/HTML_TAG_TABLE_NEW.tpl
     DEBUG |  154 | Theme           | [BUILDER] TEMPLATE_CANDIDATE_SKIP path=/home/runner/.local/share/uv/tools/kb4it/lib/python3.14/site-packages/kb4it/resources/themes/techdoc/templates/HTML_TAG_TABLE_KB4IT_MD.tpl reason=[Errno 2] No such file or directory: '/home/runner/.local/share/uv/tools/kb4it/lib/python3.14/site-packages/kb4it/resources/themes/techdoc/templates/HTML_TAG_TABLE_KB4IT_MD.tpl'
     DEBUG |  151 | Theme           | [BUILDER] TEMPLATE_CANDIDATE_FOUND path=/home/runner/.local/share/uv/tools/kb4it/lib/python3.14/site-packages/kb4it/resources/common/templates/HTML_TAG_TABLE_KB4IT_MD.tpl
     DEBUG |  151 | Theme           | [BUILDER] TEMPLATE_CANDIDATE_FOUND path=/home/runner/.local/share/uv/tools/kb4it/lib/python3.14/site-packages/kb4it/resources/themes/techdoc/templates/HTML_TAG_TABLE_KB4IT_NEW.tpl
     DEBUG |  154 | Theme           | [BUILDER] TEMPLATE_CANDIDATE_SKIP path=/home/runner/.local/share/uv/tools/kb4it/lib/python3.14/site-packages/kb4it/resources/themes/techdoc/templates/HTML_TAG_ADMONITION_ICON_NOTE_MD.tpl reason=[Errno 2] No such file or directory: '/home/runner/.local/share/uv/tools/kb4it/lib/python3.14/site-packages/kb4it/resources/themes/techdoc/templates/HTML_TAG_ADMONITION_ICON_NOTE_MD.tpl'
     DEBUG |  151 | Theme           | [BUILDER] TEMPLATE_CANDIDATE_FOUND path=/home/runner/.local/share/uv/tools/kb4it/lib/python3.14/site-packages/kb4it/resources/common/templates/HTML_TAG_ADMONITION_ICON_NOTE_MD.tpl
     DEBUG |  151 | Theme           | [BUILDER] TEMPLATE_CANDIDATE_FOUND path=/home/runner/.local/share/uv/tools/kb4it/lib/python3.14/site-packages/kb4it/resources/themes/techdoc/templates/HTML_TAG_ADMONITION_ICON_NOTE_NEW.tpl
     DEBUG |  154 | Theme           | [BUILDER] TEMPLATE_CANDIDATE_SKIP path=/home/runner/.local/share/uv/tools/kb4it/lib/python3.14/site-packages/kb4it/resources/themes/techdoc/templates/HTML_TAG_ADMONITION_ICON_TIP_MD.tpl reason=[Errno 2] No such file or directory: '/home/runner/.local/share/uv/tools/kb4it/lib/python3.14/site-packages/kb4it/resources/themes/techdoc/templates/HTML_TAG_ADMONITION_ICON_TIP_MD.tpl'
     DEBUG |  151 | Theme           | [BUILDER] TEMPLATE_CANDIDATE_FOUND path=/home/runner/.local/share/uv/tools/kb4it/lib/python3.14/site-packages/kb4it/resources/common/templates/HTML_TAG_ADMONITION_ICON_TIP_MD.tpl
     DEBUG |  151 | Theme           | [BUILDER] TEMPLATE_CANDIDATE_FOUND path=/home/runner/.local/share/uv/tools/kb4it/lib/python3.14/site-packages/kb4it/resources/themes/techdoc/templates/HTML_TAG_ADMONITION_ICON_TIP_NEW.tpl
     DEBUG |  154 | Theme           | [BUILDER] TEMPLATE_CANDIDATE_SKIP path=/home/runner/.local/share/uv/tools/kb4it/lib/python3.14/site-packages/kb4it/resources/themes/techdoc/templates/HTML_TAG_ADMONITION_ICON_IMPORTANT_MD.tpl reason=[Errno 2] No such file or directory: '/home/runner/.local/share/uv/tools/kb4it/lib/python3.14/site-packages/kb4it/resources/themes/techdoc/templates/HTML_TAG_ADMONITION_ICON_IMPORTANT_MD.tpl'
     DEBUG |  151 | Theme           | [BUILDER] TEMPLATE_CANDIDATE_FOUND path=/home/runner/.local/share/uv/tools/kb4it/lib/python3.14/site-packages/kb4it/resources/common/templates/HTML_TAG_ADMONITION_ICON_IMPORTANT_MD.tpl
     DEBUG |  151 | Theme           | [BUILDER] TEMPLATE_CANDIDATE_FOUND path=/home/runner/.local/share/uv/tools/kb4it/lib/python3.14/site-packages/kb4it/resources/themes/techdoc/templates/HTML_TAG_ADMONITION_ICON_IMPORTANT_NEW.tpl
     DEBUG |  154 | Theme           | [BUILDER] TEMPLATE_CANDIDATE_SKIP path=/home/runner/.local/share/uv/tools/kb4it/lib/python3.14/site-packages/kb4it/resources/themes/techdoc/templates/HTML_TAG_ADMONITION_ICON_CAUTION_MD.tpl reason=[Errno 2] No such file or directory: '/home/runner/.local/share/uv/tools/kb4it/lib/python3.14/site-packages/kb4it/resources/themes/techdoc/templates/HTML_TAG_ADMONITION_ICON_CAUTION_MD.tpl'
     DEBUG |  151 | Theme           | [BUILDER] TEMPLATE_CANDIDATE_FOUND path=/home/runner/.local/share/uv/tools/kb4it/lib/python3.14/site-packages/kb4it/resources/common/templates/HTML_TAG_ADMONITION_ICON_CAUTION_MD.tpl
     DEBUG |  151 | Theme           | [BUILDER] TEMPLATE_CANDIDATE_FOUND path=/home/runner/.local/share/uv/tools/kb4it/lib/python3.14/site-packages/kb4it/resources/themes/techdoc/templates/HTML_TAG_ADMONITION_ICON_CAUTION_NEW.tpl
     DEBUG |  154 | Theme           | [BUILDER] TEMPLATE_CANDIDATE_SKIP path=/home/runner/.local/share/uv/tools/kb4it/lib/python3.14/site-packages/kb4it/resources/themes/techdoc/templates/HTML_TAG_ADMONITION_ICON_WARNING_MD.tpl reason=[Errno 2] No such file or directory: '/home/runner/.local/share/uv/tools/kb4it/lib/python3.14/site-packages/kb4it/resources/themes/techdoc/templates/HTML_TAG_ADMONITION_ICON_WARNING_MD.tpl'
     DEBUG |  151 | Theme           | [BUILDER] TEMPLATE_CANDIDATE_FOUND path=/home/runner/.local/share/uv/tools/kb4it/lib/python3.14/site-packages/kb4it/resources/common/templates/HTML_TAG_ADMONITION_ICON_WARNING_MD.tpl
     DEBUG |  151 | Theme           | [BUILDER] TEMPLATE_CANDIDATE_FOUND path=/home/runner/.local/share/uv/tools/kb4it/lib/python3.14/site-packages/kb4it/resources/themes/techdoc/templates/HTML_TAG_ADMONITION_ICON_WARNING_NEW.tpl
     DEBUG |  154 | Theme           | [BUILDER] TEMPLATE_CANDIDATE_SKIP path=/home/runner/.local/share/uv/tools/kb4it/lib/python3.14/site-packages/kb4it/resources/themes/techdoc/templates/HTML_TAG_ADMONITION_IMPORTANT_MD.tpl reason=[Errno 2] No such file or directory: '/home/runner/.local/share/uv/tools/kb4it/lib/python3.14/site-packages/kb4it/resources/themes/techdoc/templates/HTML_TAG_ADMONITION_IMPORTANT_MD.tpl'
     DEBUG |  151 | Theme           | [BUILDER] TEMPLATE_CANDIDATE_FOUND path=/home/runner/.local/share/uv/tools/kb4it/lib/python3.14/site-packages/kb4it/resources/common/templates/HTML_TAG_ADMONITION_IMPORTANT_MD.tpl
     DEBUG |  151 | Theme           | [BUILDER] TEMPLATE_CANDIDATE_FOUND path=/home/runner/.local/share/uv/tools/kb4it/lib/python3.14/site-packages/kb4it/resources/themes/techdoc/templates/HTML_TAG_ADMONITION_IMPORTANT_NEW.tpl
     DEBUG |  154 | Theme           | [BUILDER] TEMPLATE_CANDIDATE_SKIP path=/home/runner/.local/share/uv/tools/kb4it/lib/python3.14/site-packages/kb4it/resources/themes/techdoc/templates/HTML_TAG_ADMONITION_CAUTION_MD.tpl reason=[Errno 2] No such file or directory: '/home/runner/.local/share/uv/tools/kb4it/lib/python3.14/site-packages/kb4it/resources/themes/techdoc/templates/HTML_TAG_ADMONITION_CAUTION_MD.tpl'
     DEBUG |  151 | Theme           | [BUILDER] TEMPLATE_CANDIDATE_FOUND path=/home/runner/.local/share/uv/tools/kb4it/lib/python3.14/site-packages/kb4it/resources/common/templates/HTML_TAG_ADMONITION_CAUTION_MD.tpl
     DEBUG |  151 | Theme           | [BUILDER] TEMPLATE_CANDIDATE_FOUND path=/home/runner/.local/share/uv/tools/kb4it/lib/python3.14/site-packages/kb4it/resources/themes/techdoc/templates/HTML_TAG_ADMONITION_CAUTION_NEW.tpl
     DEBUG |  154 | Theme           | [BUILDER] TEMPLATE_CANDIDATE_SKIP path=/home/runner/.local/share/uv/tools/kb4it/lib/python3.14/site-packages/kb4it/resources/themes/techdoc/templates/HTML_TAG_ADMONITION_NOTE_MD.tpl reason=[Errno 2] No such file or directory: '/home/runner/.local/share/uv/tools/kb4it/lib/python3.14/site-packages/kb4it/resources/themes/techdoc/templates/HTML_TAG_ADMONITION_NOTE_MD.tpl'
     DEBUG |  151 | Theme           | [BUILDER] TEMPLATE_CANDIDATE_FOUND path=/home/runner/.local/share/uv/tools/kb4it/lib/python3.14/site-packages/kb4it/resources/common/templates/HTML_TAG_ADMONITION_NOTE_MD.tpl
     DEBUG |  151 | Theme           | [BUILDER] TEMPLATE_CANDIDATE_FOUND path=/home/runner/.local/share/uv/tools/kb4it/lib/python3.14/site-packages/kb4it/resources/themes/techdoc/templates/HTML_TAG_ADMONITION_NOTE_NEW.tpl
     DEBUG |  154 | Theme           | [BUILDER] TEMPLATE_CANDIDATE_SKIP path=/home/runner/.local/share/uv/tools/kb4it/lib/python3.14/site-packages/kb4it/resources/themes/techdoc/templates/HTML_TAG_ADMONITION_TIP_MD.tpl reason=[Errno 2] No such file or directory: '/home/runner/.local/share/uv/tools/kb4it/lib/python3.14/site-packages/kb4it/resources/themes/techdoc/templates/HTML_TAG_ADMONITION_TIP_MD.tpl'
     DEBUG |  151 | Theme           | [BUILDER] TEMPLATE_CANDIDATE_FOUND path=/home/runner/.local/share/uv/tools/kb4it/lib/python3.14/site-packages/kb4it/resources/common/templates/HTML_TAG_ADMONITION_TIP_MD.tpl
     DEBUG |  151 | Theme           | [BUILDER] TEMPLATE_CANDIDATE_FOUND path=/home/runner/.local/share/uv/tools/kb4it/lib/python3.14/site-packages/kb4it/resources/themes/techdoc/templates/HTML_TAG_ADMONITION_TIP_NEW.tpl
     DEBUG |  154 | Theme           | [BUILDER] TEMPLATE_CANDIDATE_SKIP path=/home/runner/.local/share/uv/tools/kb4it/lib/python3.14/site-packages/kb4it/resources/themes/techdoc/templates/HTML_TAG_ADMONITION_WARNING_MD.tpl reason=[Errno 2] No such file or directory: '/home/runner/.local/share/uv/tools/kb4it/lib/python3.14/site-packages/kb4it/resources/themes/techdoc/templates/HTML_TAG_ADMONITION_WARNING_MD.tpl'
     DEBUG |  151 | Theme           | [BUILDER] TEMPLATE_CANDIDATE_FOUND path=/home/runner/.local/share/uv/tools/kb4it/lib/python3.14/site-packages/kb4it/resources/common/templates/HTML_TAG_ADMONITION_WARNING_MD.tpl
     DEBUG |  151 | Theme           | [BUILDER] TEMPLATE_CANDIDATE_FOUND path=/home/runner/.local/share/uv/tools/kb4it/lib/python3.14/site-packages/kb4it/resources/themes/techdoc/templates/HTML_TAG_ADMONITION_WARNING_NEW.tpl
     DEBUG |  154 | Theme           | [BUILDER] TEMPLATE_CANDIDATE_SKIP path=/home/runner/.local/share/uv/tools/kb4it/lib/python3.14/site-packages/kb4it/resources/themes/techdoc/templates/HTML_TAG_IMG_MD.tpl reason=[Errno 2] No such file or directory: '/home/runner/.local/share/uv/tools/kb4it/lib/python3.14/site-packages/kb4it/resources/themes/techdoc/templates/HTML_TAG_IMG_MD.tpl'
     DEBUG |  151 | Theme           | [BUILDER] TEMPLATE_CANDIDATE_FOUND path=/home/runner/.local/share/uv/tools/kb4it/lib/python3.14/site-packages/kb4it/resources/common/templates/HTML_TAG_IMG_MD.tpl
     DEBUG |  151 | Theme           | [BUILDER] TEMPLATE_CANDIDATE_FOUND path=/home/runner/.local/share/uv/tools/kb4it/lib/python3.14/site-packages/kb4it/resources/themes/techdoc/templates/HTML_TAG_IMG_NEW.tpl
     DEBUG |  151 | Theme           | [BUILDER] TEMPLATE_CANDIDATE_FOUND path=/home/runner/.local/share/uv/tools/kb4it/lib/python3.14/site-packages/kb4it/resources/themes/techdoc/templates/SECTION_ACTIONS.tpl
      INFO |  172 | Compiler        | [COMPILER] COMPILED doc=Category.md rc=True
      INFO |  172 | Compiler        | [COMPILER] COMPILED doc=Category_Note.md rc=True
      INFO |  172 | Compiler        | [COMPILER] COMPILED doc=DocType.md rc=True
      INFO |  172 | Compiler        | [COMPILER] COMPILED doc=DocType_Explanation.md rc=True
      INFO |  172 | Compiler        | [COMPILER] COMPILED doc=Product.md rc=True
      INFO |  172 | Compiler        | [COMPILER] COMPILED doc=Product_KB4IT.md rc=True
      INFO |  172 | Compiler        | [COMPILER] COMPILED doc=Tag.md rc=True
     DEBUG |  182 | MARKDOWN        | Successfully loaded extension "markdown.extensions.fenced_code.FencedCodeExtension".
     DEBUG |  182 | MARKDOWN        | Successfully loaded extension "markdown.extensions.footnotes.FootnoteExtension".
     DEBUG |  182 | MARKDOWN        | Successfully loaded extension "markdown.extensions.attr_list.AttrListExtension".
     DEBUG |  182 | MARKDOWN        | Successfully loaded extension "markdown.extensions.def_list.DefListExtension".
      INFO |  172 | Compiler        | [COMPILER] COMPILED doc=Tag_github-pages.md rc=True
     DEBUG |  182 | MARKDOWN        | Successfully loaded extension "markdown.extensions.tables.TableExtension".
     DEBUG |  182 | MARKDOWN        | Successfully loaded extension "markdown.extensions.abbr.AbbrExtension".
     DEBUG |  182 | MARKDOWN        | Successfully loaded extension "markdown.extensions.fenced_code.FencedCodeExtension".
     DEBUG |  182 | MARKDOWN        | Successfully loaded extension "markdown.extensions.footnotes.FootnoteExtension".
     DEBUG |  182 | MARKDOWN        | Successfully loaded extension "markdown.extensions.attr_list.AttrListExtension".
     DEBUG |  182 | MARKDOWN        | Successfully loaded extension "markdown.extensions.def_list.DefListExtension".
     DEBUG |  182 | MARKDOWN        | Successfully loaded extension "markdown.extensions.tables.TableExtension".
     DEBUG |  182 | MARKDOWN        | Successfully loaded extension "markdown.extensions.abbr.AbbrExtension".
     DEBUG |  182 | MARKDOWN        | Successfully loaded extension "markdown.extensions.md_in_html.MarkdownInHtmlExtension".
     DEBUG |  182 | MARKDOWN        | Successfully loaded extension "markdown.extensions.extra.ExtraExtension".
     DEBUG |  182 | MARKDOWN        | Successfully loaded extension "markdown.extensions.md_in_html.MarkdownInHtmlExtension".
     DEBUG |  182 | MARKDOWN        | Successfully loaded extension "markdown.extensions.extra.ExtraExtension".
     DEBUG |  182 | MARKDOWN        | Successfully loaded extension "markdown.extensions.admonition.AdmonitionExtension".
     DEBUG |  182 | MARKDOWN        | Successfully loaded extension "markdown.extensions.admonition.AdmonitionExtension".
     DEBUG |  182 | MARKDOWN        | Successfully loaded extension "markdown.extensions.toc.TocExtension".
     DEBUG |  182 | MARKDOWN        | Successfully loaded extension "markdown.extensions.toc.TocExtension".
     DEBUG |  182 | MARKDOWN        | Successfully loaded extension "markdown.extensions.sane_lists.SaneListExtension".
     DEBUG |  182 | MARKDOWN        | Successfully loaded extension "markdown.extensions.sane_lists.SaneListExtension".
      INFO |  172 | Compiler        | [COMPILER] COMPILED doc=HELLO-WORLD.md rc=True
      INFO |  172 | Compiler        | [COMPILER] COMPILED doc=about_kb4it.md rc=True
     DEBUG |  151 | Theme           | [BUILDER] TEMPLATE_CANDIDATE_FOUND path=/home/runner/.local/share/uv/tools/kb4it/lib/python3.14/site-packages/kb4it/resources/themes/techdoc/templates/HTML_HEADER_MENU_CONTENTS_ENABLED.tpl
     DEBUG |  151 | Theme           | [BUILDER] TEMPLATE_CANDIDATE_FOUND path=/home/runner/.local/share/uv/tools/kb4it/lib/python3.14/site-packages/kb4it/resources/themes/techdoc/templates/METADATA_SECTION.tpl
     DEBUG |  151 | Theme           | [BUILDER] TEMPLATE_CANDIDATE_FOUND path=/home/runner/.local/share/uv/tools/kb4it/lib/python3.14/site-packages/kb4it/resources/themes/techdoc/templates/METADATA_VALUE_LINK.tpl
      INFO |  172 | Compiler        | [COMPILER] COMPILED doc=add.md rc=True
      INFO |  172 | Compiler        | [COMPILER] COMPILED doc=all.md rc=True
      INFO |  172 | Compiler        | [COMPILER] COMPILED doc=bookmarks.md rc=True
      INFO |  172 | Compiler        | [COMPILER] COMPILED doc=events.md rc=True
      INFO |  172 | Compiler        | [COMPILER] COMPILED doc=events_2026.md rc=True
      INFO |  172 | Compiler        | [COMPILER] COMPILED doc=events_202605.md rc=True
      INFO |  172 | Compiler        | [COMPILER] COMPILED doc=events_20260520.md rc=True
     DEBUG |  182 | MARKDOWN        | Successfully loaded extension "markdown.extensions.fenced_code.FencedCodeExtension".
     DEBUG |  182 | MARKDOWN        | Successfully loaded extension "markdown.extensions.footnotes.FootnoteExtension".
     DEBUG |  182 | MARKDOWN        | Successfully loaded extension "markdown.extensions.attr_list.AttrListExtension".
     DEBUG |  182 | MARKDOWN        | Successfully loaded extension "markdown.extensions.def_list.DefListExtension".
     DEBUG |  182 | MARKDOWN        | Successfully loaded extension "markdown.extensions.tables.TableExtension".
     DEBUG |  182 | MARKDOWN        | Successfully loaded extension "markdown.extensions.abbr.AbbrExtension".
     DEBUG |  182 | MARKDOWN        | Successfully loaded extension "markdown.extensions.md_in_html.MarkdownInHtmlExtension".
     DEBUG |  182 | MARKDOWN        | Successfully loaded extension "markdown.extensions.extra.ExtraExtension".
     DEBUG |  182 | MARKDOWN        | Successfully loaded extension "markdown.extensions.admonition.AdmonitionExtension".
     DEBUG |  182 | MARKDOWN        | Successfully loaded extension "markdown.extensions.toc.TocExtension".
     DEBUG |  182 | MARKDOWN        | Successfully loaded extension "markdown.extensions.sane_lists.SaneListExtension".
      INFO |  172 | Compiler        | [COMPILER] COMPILED doc=help.md rc=True
      INFO |  172 | Compiler        | [COMPILER] COMPILED doc=index.md rc=True
      INFO |  172 | Compiler        | [COMPILER] COMPILED doc=properties.md rc=True
      INFO |  172 | Compiler        | [COMPILER] COMPILED doc=stats.md rc=True
     DEBUG |  114 | Compiler        | [COMPILER] COMPILED n=23
     DEBUG |  117 | Compiler        | [COMPILER] END
     DEBUG |   90 | Util            | [PERFORMANCE] 0.0954s => Stage stage_05_compilation
      INFO |  154 | Workflow        | [WORKFLOW] STAGE n=6 name=theme_post
      INFO |  157 | Workflow        | [WORKFLOW] STAGE n=7 name=deploy
     DEBUG |  146 | KB4IT           | [CONTROLLER] SERVICE_REGISTER name=Deployer
     DEBUG |   59 | Deployer        | [SERVICE] STARTED name=Deployer
     DEBUG |   29 | Deployer        | [DEPLOYER] START
     DEBUG |   30 | Deployer        | [DEPLOYER] DEPLOY_BEGIN
     DEBUG |  133 | Util            | Copied /home/runner/work/techdoc/techdoc/source/LINUX-SYSTEMD-JOURNALCTL.md to /home/runner/work/techdoc/techdoc/var/cache
     DEBUG |  133 | Util            | Copied /home/runner/work/techdoc/techdoc/source/HELLO-WORLD.md to /home/runner/work/techdoc/techdoc/var/cache
     DEBUG |  133 | Util            | Copied /home/runner/work/techdoc/techdoc/source/about_app.md to /home/runner/work/techdoc/techdoc/var/cache
     DEBUG |  133 | Util            | Copied /home/runner/work/techdoc/techdoc/source/about_kb4it.md to /home/runner/work/techdoc/techdoc/var/cache
     DEBUG |  136 | Util            | 4 documents copied to '/home/runner/work/techdoc/techdoc/var/cache'
     DEBUG |   71 | Deployer        | [DEPLOYER] SOURCES_TO_TARGET copied=4 deleted=0
     DEBUG |  133 | Util            | Copied /home/runner/work/techdoc/techdoc/var/tmp/Category.html to /home/runner/work/techdoc/techdoc/var/cache
     DEBUG |  133 | Util            | Copied /home/runner/work/techdoc/techdoc/var/tmp/Author_Tomás_Vírseda.md to /home/runner/work/techdoc/techdoc/var/cache
     DEBUG |  133 | Util            | Copied /home/runner/work/techdoc/techdoc/var/tmp/Category_Note.md to /home/runner/work/techdoc/techdoc/var/cache
     DEBUG |  133 | Util            | Copied /home/runner/work/techdoc/techdoc/var/tmp/Tag_github-pages.html to /home/runner/work/techdoc/techdoc/var/cache
     DEBUG |  133 | Util            | Copied /home/runner/work/techdoc/techdoc/var/tmp/events.html to /home/runner/work/techdoc/techdoc/var/cache
     DEBUG |  133 | Util            | Copied /home/runner/work/techdoc/techdoc/var/tmp/Product.html to /home/runner/work/techdoc/techdoc/var/cache
     DEBUG |  133 | Util            | Copied /home/runner/work/techdoc/techdoc/var/tmp/DocType_Explanation.html to /home/runner/work/techdoc/techdoc/var/cache
     DEBUG |  133 | Util            | Copied /home/runner/work/techdoc/techdoc/var/tmp/Tag_github-pages.md to /home/runner/work/techdoc/techdoc/var/cache
     DEBUG |  133 | Util            | Copied /home/runner/work/techdoc/techdoc/var/tmp/help.html to /home/runner/work/techdoc/techdoc/var/cache
     DEBUG |  133 | Util            | Copied /home/runner/work/techdoc/techdoc/var/tmp/add.md to /home/runner/work/techdoc/techdoc/var/cache
     DEBUG |  133 | Util            | Copied /home/runner/work/techdoc/techdoc/var/tmp/HELLO-WORLD.html to /home/runner/work/techdoc/techdoc/var/cache
     DEBUG |  133 | Util            | Copied /home/runner/work/techdoc/techdoc/var/tmp/Author_Tomás_Vírseda.html to /home/runner/work/techdoc/techdoc/var/cache
     DEBUG |  133 | Util            | Copied /home/runner/work/techdoc/techdoc/var/tmp/bookmarks.html to /home/runner/work/techdoc/techdoc/var/cache
     DEBUG |  133 | Util            | Copied /home/runner/work/techdoc/techdoc/var/tmp/help.md to /home/runner/work/techdoc/techdoc/var/cache
     DEBUG |  133 | Util            | Copied /home/runner/work/techdoc/techdoc/var/tmp/index.html to /home/runner/work/techdoc/techdoc/var/cache
     DEBUG |  133 | Util            | Copied /home/runner/work/techdoc/techdoc/var/tmp/events_202605.html to /home/runner/work/techdoc/techdoc/var/cache
     DEBUG |  133 | Util            | Copied /home/runner/work/techdoc/techdoc/var/tmp/about_kb4it.html to /home/runner/work/techdoc/techdoc/var/cache
     DEBUG |  133 | Util            | Copied /home/runner/work/techdoc/techdoc/var/tmp/events.md to /home/runner/work/techdoc/techdoc/var/cache
     DEBUG |  133 | Util            | Copied /home/runner/work/techdoc/techdoc/var/tmp/HELLO-WORLD.md to /home/runner/work/techdoc/techdoc/var/cache
     DEBUG |  133 | Util            | Copied /home/runner/work/techdoc/techdoc/var/tmp/properties.md to /home/runner/work/techdoc/techdoc/var/cache
     DEBUG |  133 | Util            | Copied /home/runner/work/techdoc/techdoc/var/tmp/events_2026.md to /home/runner/work/techdoc/techdoc/var/cache
     DEBUG |  133 | Util            | Copied /home/runner/work/techdoc/techdoc/var/tmp/events_20260520.md to /home/runner/work/techdoc/techdoc/var/cache
     DEBUG |  133 | Util            | Copied /home/runner/work/techdoc/techdoc/var/tmp/add.html to /home/runner/work/techdoc/techdoc/var/cache
     DEBUG |  133 | Util            | Copied /home/runner/work/techdoc/techdoc/var/tmp/Product_KB4IT.md to /home/runner/work/techdoc/techdoc/var/cache
     DEBUG |  133 | Util            | Copied /home/runner/work/techdoc/techdoc/var/tmp/Tag.html to /home/runner/work/techdoc/techdoc/var/cache
     DEBUG |  133 | Util            | Copied /home/runner/work/techdoc/techdoc/var/tmp/DocType.html to /home/runner/work/techdoc/techdoc/var/cache
     DEBUG |  133 | Util            | Copied /home/runner/work/techdoc/techdoc/var/tmp/all.html to /home/runner/work/techdoc/techdoc/var/cache
     DEBUG |  133 | Util            | Copied /home/runner/work/techdoc/techdoc/var/tmp/stats.html to /home/runner/work/techdoc/techdoc/var/cache
     DEBUG |  133 | Util            | Copied /home/runner/work/techdoc/techdoc/var/tmp/DocType.md to /home/runner/work/techdoc/techdoc/var/cache
     DEBUG |  133 | Util            | Copied /home/runner/work/techdoc/techdoc/var/tmp/index.md to /home/runner/work/techdoc/techdoc/var/cache
     DEBUG |  133 | Util            | Copied /home/runner/work/techdoc/techdoc/var/tmp/events_2026.html to /home/runner/work/techdoc/techdoc/var/cache
     DEBUG |  133 | Util            | Copied /home/runner/work/techdoc/techdoc/var/tmp/Author.md to /home/runner/work/techdoc/techdoc/var/cache
     DEBUG |  133 | Util            | Copied /home/runner/work/techdoc/techdoc/var/tmp/Author.html to /home/runner/work/techdoc/techdoc/var/cache
     DEBUG |  133 | Util            | Copied /home/runner/work/techdoc/techdoc/var/tmp/DocType_Explanation.md to /home/runner/work/techdoc/techdoc/var/cache
     DEBUG |  133 | Util            | Copied /home/runner/work/techdoc/techdoc/var/tmp/Category_Note.html to /home/runner/work/techdoc/techdoc/var/cache
     DEBUG |  133 | Util            | Copied /home/runner/work/techdoc/techdoc/var/tmp/events_202605.md to /home/runner/work/techdoc/techdoc/var/cache
     DEBUG |  133 | Util            | Copied /home/runner/work/techdoc/techdoc/var/tmp/Category.md to /home/runner/work/techdoc/techdoc/var/cache
     DEBUG |  133 | Util            | Copied /home/runner/work/techdoc/techdoc/var/tmp/about_kb4it.md to /home/runner/work/techdoc/techdoc/var/cache
     DEBUG |  133 | Util            | Copied /home/runner/work/techdoc/techdoc/var/tmp/events_20260520.html to /home/runner/work/techdoc/techdoc/var/cache
     DEBUG |  133 | Util            | Copied /home/runner/work/techdoc/techdoc/var/tmp/Product.md to /home/runner/work/techdoc/techdoc/var/cache
     DEBUG |  133 | Util            | Copied /home/runner/work/techdoc/techdoc/var/tmp/stats.md to /home/runner/work/techdoc/techdoc/var/cache
     DEBUG |  133 | Util            | Copied /home/runner/work/techdoc/techdoc/var/tmp/all.md to /home/runner/work/techdoc/techdoc/var/cache
     DEBUG |  133 | Util            | Copied /home/runner/work/techdoc/techdoc/var/tmp/properties.html to /home/runner/work/techdoc/techdoc/var/cache
     DEBUG |  133 | Util            | Copied /home/runner/work/techdoc/techdoc/var/tmp/bookmarks.md to /home/runner/work/techdoc/techdoc/var/cache
     DEBUG |  133 | Util            | Copied /home/runner/work/techdoc/techdoc/var/tmp/Product_KB4IT.html to /home/runner/work/techdoc/techdoc/var/cache
     DEBUG |  133 | Util            | Copied /home/runner/work/techdoc/techdoc/var/tmp/Tag.md to /home/runner/work/techdoc/techdoc/var/cache
     DEBUG |  136 | Util            | 46 documents copied to '/home/runner/work/techdoc/techdoc/var/cache'
     DEBUG |   76 | Deployer        | [DEPLOYER] COPIED_ALL_TO_CACHE n=46
     DEBUG |  103 | Deployer        | [DEPLOYER] STALE_HTML_DELETED file=Tag_kb4it.html
     DEBUG |  103 | Deployer        | [DEPLOYER] STALE_HTML_DELETED file=Tag_hello-world.html
     DEBUG |  103 | Deployer        | [DEPLOYER] STALE_HTML_DELETED file=Tag_techdoc.html
     DEBUG |  105 | Deployer        | [DEPLOYER] HTML_TO_TARGET copied=64 deleted=3
     DEBUG |  124 | Deployer        | [DEPLOYER] COPIED_GLOBAL_RESOURCES
     DEBUG |  133 | Util            | Copied /home/runner/work/techdoc/techdoc/docs/Category.html to /home/runner/work/techdoc/techdoc/var/cache
     DEBUG |  133 | Util            | Copied /home/runner/work/techdoc/techdoc/docs/Filename_journald.conf.html to /home/runner/work/techdoc/techdoc/var/cache
     DEBUG |  133 | Util            | Copied /home/runner/work/techdoc/techdoc/docs/Category_Procedure.html to /home/runner/work/techdoc/techdoc/var/cache
     DEBUG |  133 | Util            | Copied /home/runner/work/techdoc/techdoc/docs/Tag_github-pages.html to /home/runner/work/techdoc/techdoc/var/cache
     DEBUG |  133 | Util            | Copied /home/runner/work/techdoc/techdoc/docs/events.html to /home/runner/work/techdoc/techdoc/var/cache
     DEBUG |  133 | Util            | Copied /home/runner/work/techdoc/techdoc/docs/Product.html to /home/runner/work/techdoc/techdoc/var/cache
     DEBUG |  133 | Util            | Copied /home/runner/work/techdoc/techdoc/docs/DocType_Explanation.html to /home/runner/work/techdoc/techdoc/var/cache
     DEBUG |  133 | Util            | Copied /home/runner/work/techdoc/techdoc/docs/Topic_Monitoring.html to /home/runner/work/techdoc/techdoc/var/cache
     DEBUG |  133 | Util            | Copied /home/runner/work/techdoc/techdoc/docs/events_2024.html to /home/runner/work/techdoc/techdoc/var/cache
     DEBUG |  133 | Util            | Copied /home/runner/work/techdoc/techdoc/docs/Tag_vacuum.html to /home/runner/work/techdoc/techdoc/var/cache
     DEBUG |  133 | Util            | Copied /home/runner/work/techdoc/techdoc/docs/Filename.html to /home/runner/work/techdoc/techdoc/var/cache
     DEBUG |  133 | Util            | Copied /home/runner/work/techdoc/techdoc/docs/help.html to /home/runner/work/techdoc/techdoc/var/cache
     DEBUG |  133 | Util            | Copied /home/runner/work/techdoc/techdoc/docs/OS_Linux.html to /home/runner/work/techdoc/techdoc/var/cache
     DEBUG |  133 | Util            | Copied /home/runner/work/techdoc/techdoc/docs/HELLO-WORLD.html to /home/runner/work/techdoc/techdoc/var/cache
     DEBUG |  133 | Util            | Copied /home/runner/work/techdoc/techdoc/docs/Author_Tomás_Vírseda.html to /home/runner/work/techdoc/techdoc/var/cache
     DEBUG |  133 | Util            | Copied /home/runner/work/techdoc/techdoc/docs/bookmarks.html to /home/runner/work/techdoc/techdoc/var/cache
     DEBUG |  133 | Util            | Copied /home/runner/work/techdoc/techdoc/docs/Command_cp.html to /home/runner/work/techdoc/techdoc/var/cache
     DEBUG |  133 | Util            | Copied /home/runner/work/techdoc/techdoc/docs/index.html to /home/runner/work/techdoc/techdoc/var/cache
     DEBUG |  133 | Util            | Copied /home/runner/work/techdoc/techdoc/docs/DocType_Reference.html to /home/runner/work/techdoc/techdoc/var/cache
     DEBUG |  133 | Util            | Copied /home/runner/work/techdoc/techdoc/docs/Priority_Normal.html to /home/runner/work/techdoc/techdoc/var/cache
     DEBUG |  133 | Util            | Copied /home/runner/work/techdoc/techdoc/docs/events_202605.html to /home/runner/work/techdoc/techdoc/var/cache
     DEBUG |  133 | Util            | Copied /home/runner/work/techdoc/techdoc/docs/Tag_message.html to /home/runner/work/techdoc/techdoc/var/cache
     DEBUG |  133 | Util            | Copied /home/runner/work/techdoc/techdoc/docs/about_kb4it.html to /home/runner/work/techdoc/techdoc/var/cache
     DEBUG |  133 | Util            | Copied /home/runner/work/techdoc/techdoc/docs/Command_systemctl.html to /home/runner/work/techdoc/techdoc/var/cache
     DEBUG |  133 | Util            | Copied /home/runner/work/techdoc/techdoc/docs/Team.html to /home/runner/work/techdoc/techdoc/var/cache
     DEBUG |  133 | Util            | Copied /home/runner/work/techdoc/techdoc/docs/Topic_Troubleshooting.html to /home/runner/work/techdoc/techdoc/var/cache
     DEBUG |  133 | Util            | Copied /home/runner/work/techdoc/techdoc/docs/add.html to /home/runner/work/techdoc/techdoc/var/cache
     DEBUG |  133 | Util            | Copied /home/runner/work/techdoc/techdoc/docs/Filename_journald.conf.back.html to /home/runner/work/techdoc/techdoc/var/cache
     DEBUG |  133 | Util            | Copied /home/runner/work/techdoc/techdoc/docs/events_20240514.html to /home/runner/work/techdoc/techdoc/var/cache
     DEBUG |  133 | Util            | Copied /home/runner/work/techdoc/techdoc/docs/Command_journalctl.html to /home/runner/work/techdoc/techdoc/var/cache
     DEBUG |  133 | Util            | Copied /home/runner/work/techdoc/techdoc/docs/Tag.html to /home/runner/work/techdoc/techdoc/var/cache
     DEBUG |  133 | Util            | Copied /home/runner/work/techdoc/techdoc/docs/DocType.html to /home/runner/work/techdoc/techdoc/var/cache
     DEBUG |  133 | Util            | Copied /home/runner/work/techdoc/techdoc/docs/Scope.html to /home/runner/work/techdoc/techdoc/var/cache
     DEBUG |  133 | Util            | Copied /home/runner/work/techdoc/techdoc/docs/all.html to /home/runner/work/techdoc/techdoc/var/cache
     DEBUG |  133 | Util            | Copied /home/runner/work/techdoc/techdoc/docs/Topic.html to /home/runner/work/techdoc/techdoc/var/cache
     DEBUG |  133 | Util            | Copied /home/runner/work/techdoc/techdoc/docs/stats.html to /home/runner/work/techdoc/techdoc/var/cache
     DEBUG |  133 | Util            | Copied /home/runner/work/techdoc/techdoc/docs/Website_linuxhandbook.com.html to /home/runner/work/techdoc/techdoc/var/cache
     DEBUG |  133 | Util            | Copied /home/runner/work/techdoc/techdoc/docs/Website.html to /home/runner/work/techdoc/techdoc/var/cache
     DEBUG |  133 | Util            | Copied /home/runner/work/techdoc/techdoc/docs/events_2026.html to /home/runner/work/techdoc/techdoc/var/cache
     DEBUG |  133 | Util            | Copied /home/runner/work/techdoc/techdoc/docs/Priority.html to /home/runner/work/techdoc/techdoc/var/cache
     DEBUG |  133 | Util            | Copied /home/runner/work/techdoc/techdoc/docs/about_app.html to /home/runner/work/techdoc/techdoc/var/cache
     DEBUG |  133 | Util            | Copied /home/runner/work/techdoc/techdoc/docs/Status.html to /home/runner/work/techdoc/techdoc/var/cache
     DEBUG |  133 | Util            | Copied /home/runner/work/techdoc/techdoc/docs/Tag_unit.html to /home/runner/work/techdoc/techdoc/var/cache
     DEBUG |  133 | Util            | Copied /home/runner/work/techdoc/techdoc/docs/LINUX-SYSTEMD-JOURNALCTL.html to /home/runner/work/techdoc/techdoc/var/cache
     DEBUG |  133 | Util            | Copied /home/runner/work/techdoc/techdoc/docs/Filesystem_etcsystemd.html to /home/runner/work/techdoc/techdoc/var/cache
     DEBUG |  133 | Util            | Copied /home/runner/work/techdoc/techdoc/docs/Filesystem.html to /home/runner/work/techdoc/techdoc/var/cache
     DEBUG |  133 | Util            | Copied /home/runner/work/techdoc/techdoc/docs/Command_du.html to /home/runner/work/techdoc/techdoc/var/cache
     DEBUG |  133 | Util            | Copied /home/runner/work/techdoc/techdoc/docs/Author.html to /home/runner/work/techdoc/techdoc/var/cache
     DEBUG |  133 | Util            | Copied /home/runner/work/techdoc/techdoc/docs/Team_Unix.html to /home/runner/work/techdoc/techdoc/var/cache
     DEBUG |  133 | Util            | Copied /home/runner/work/techdoc/techdoc/docs/Topic_Administration.html to /home/runner/work/techdoc/techdoc/var/cache
     DEBUG |  133 | Util            | Copied /home/runner/work/techdoc/techdoc/docs/Category_Note.html to /home/runner/work/techdoc/techdoc/var/cache
     DEBUG |  133 | Util            | Copied /home/runner/work/techdoc/techdoc/docs/Tag_clear.html to /home/runner/work/techdoc/techdoc/var/cache
     DEBUG |  133 | Util            | Copied /home/runner/work/techdoc/techdoc/docs/Scope_Unix_Administration.html to /home/runner/work/techdoc/techdoc/var/cache
     DEBUG |  133 | Util            | Copied /home/runner/work/techdoc/techdoc/docs/events_20260520.html to /home/runner/work/techdoc/techdoc/var/cache
     DEBUG |  133 | Util            | Copied /home/runner/work/techdoc/techdoc/docs/Status_Released.html to /home/runner/work/techdoc/techdoc/var/cache
     DEBUG |  133 | Util            | Copied /home/runner/work/techdoc/techdoc/docs/properties.html to /home/runner/work/techdoc/techdoc/var/cache
     DEBUG |  133 | Util            | Copied /home/runner/work/techdoc/techdoc/docs/events_202405.html to /home/runner/work/techdoc/techdoc/var/cache
     DEBUG |  133 | Util            | Copied /home/runner/work/techdoc/techdoc/docs/Filesystem_varlogjournal.html to /home/runner/work/techdoc/techdoc/var/cache
     DEBUG |  133 | Util            | Copied /home/runner/work/techdoc/techdoc/docs/Command.html to /home/runner/work/techdoc/techdoc/var/cache
     DEBUG |  133 | Util            | Copied /home/runner/work/techdoc/techdoc/docs/Topic_Housekeeping.html to /home/runner/work/techdoc/techdoc/var/cache
     DEBUG |  133 | Util            | Copied /home/runner/work/techdoc/techdoc/docs/OS.html to /home/runner/work/techdoc/techdoc/var/cache
     DEBUG |  133 | Util            | Copied /home/runner/work/techdoc/techdoc/docs/Tag_log.html to /home/runner/work/techdoc/techdoc/var/cache
     DEBUG |  133 | Util            | Copied /home/runner/work/techdoc/techdoc/docs/Product_KB4IT.html to /home/runner/work/techdoc/techdoc/var/cache
     DEBUG |  133 | Util            | Copied /home/runner/work/techdoc/techdoc/docs/Product_Systemd.html to /home/runner/work/techdoc/techdoc/var/cache
     DEBUG |  136 | Util            | 64 documents copied to '/home/runner/work/techdoc/techdoc/var/cache'
     DEBUG |  144 | Deployer        | [DEPLOYER] COPIED_HTML_BACK_TO_CACHE
     DEBUG |  154 | Deployer        | [DEPLOYER] CLEANUP
     DEBUG |   44 | Deployer        | [DEPLOYER] END
     DEBUG |   90 | Util            | [PERFORMANCE] 0.1419s => Stage stage_06_deploy
      INFO |  170 | Workflow        | [WORKFLOW] SUMMARY docs_total=4 compiled=1 skipped=3 keys_compiled=5 kv_pages_compiled=5
      INFO |  178 | Workflow        | [WORKFLOW] TOTAL_TIME elapsed=0.32s
      INFO |  184 | Workflow        | [WORKFLOW] BUILD_COMPLETE
      INFO |  185 | Workflow        | [WORKFLOW] URL /home/runner/work/techdoc/techdoc/docs/index.html
      INFO |  186 | Workflow        | [WORKFLOW] LOG path=/home/runner/work/techdoc/techdoc/var/log/kb4it.log
      INFO |  187 | Workflow        | [WORKFLOW] END
     DEBUG |  159 | KB4IT           | [CONTROLLER] SERVICE_UNREGISTER name=DB
     DEBUG |  159 | KB4IT           | [CONTROLLER] SERVICE_UNREGISTER name=Backend
     DEBUG |  159 | KB4IT           | [CONTROLLER] SERVICE_UNREGISTER name=Frontend
     DEBUG |  159 | KB4IT           | [CONTROLLER] SERVICE_UNREGISTER name=Builder
     DEBUG |  159 | KB4IT           | [CONTROLLER] SERVICE_UNREGISTER name=Workflow
     DEBUG |  159 | KB4IT           | [CONTROLLER] SERVICE_UNREGISTER name=Processor
     DEBUG |  159 | KB4IT           | [CONTROLLER] SERVICE_UNREGISTER name=Theme
     DEBUG |  159 | KB4IT           | [CONTROLLER] SERVICE_UNREGISTER name=Compiler
     DEBUG |  159 | KB4IT           | [CONTROLLER] SERVICE_UNREGISTER name=Deployer
     DEBUG |  203 | KB4IT           | [CONTROLLER] END version=0.7.7+build.4
